00000000 c7f6                LGOTO    0x9; __nyc_ny8_startup=0x9
_disable_breathing_mode:
00000001 e0fc                BCR      STATUS, BK0
00000002 e3da                BCR      0x25, 0x0
00000003 fd59                CLRR     0x26
00000004 e1f9                BCR      PORTB, PB4
00000005 e279                BCR      PORTB, PB3
00000006 e2f9                BCR      PORTB, PB2
00000007 ffef                RET
00000008 c407                LGOTO    0x3f8; _isr=0x3f8
__nyc_ny8_startup:
00000009 de5f                MOVIA    0xa0
0000000a ff7b                MOVAR    FSR
crt0.o:.l0:
0000000b e4fc                BSR      STATUS, BK0
0000000c fd7f                CLRR     INDF
0000000d e0fc                BCR      STATUS, BK0
0000000e fd7f                CLRR     INDF
0000000f e97b                INCRSZ   FSR, ToReg
00000010 c7f4                LGOTO    0xb; crt0.o:.l0=0xb
00000011 d0e1                LCALL    0x71e; ___cinit_load__=0x71e
00000012 c4c6                LGOTO    0x339; _main=0x339
_io_led_scan:
crt0.o:crt0_end:
00000013 ffe9                IOSTR    IOSTB
00000014 e0fc                BCR      STATUS, BK0
00000015 ff4a                MOVAR    0x35
00000016 e54a                BSR      0x35, 0x5
00000017 feca                MOVR     0x35, ToAcc
00000018 fff9                IOST     IOSTB
00000019 ffea                IOSTR    IOSTA
0000001a ff4a                MOVAR    0x35
0000001b e7ca                BSR      0x35, 0x0
0000001c feca                MOVR     0x35, ToAcc
0000001d fffa                IOST     IOSTA
0000001e ffea                IOSTR    IOSTA
0000001f ff4a                MOVAR    0x35
00000020 e74a                BSR      0x35, 0x1
00000021 feca                MOVR     0x35, ToAcc
00000022 fffa                IOST     IOSTA
00000023 ffea                IOSTR    IOSTA
00000024 ff4a                MOVAR    0x35
00000025 e44a                BSR      0x35, 0x7
00000026 feca                MOVR     0x35, ToAcc
00000027 fffa                IOST     IOSTA
00000028 ffea                IOSTR    IOSTA
00000029 ff4a                MOVAR    0x35
0000002a e4ca                BSR      0x35, 0x6
0000002b feca                MOVR     0x35, ToAcc
0000002c fffa                IOST     IOSTA
0000002d deed                MOVIA    0x12
0000002e fbb0                SUBAR    0x4f, ToAcc
0000002f f3fc                BTRSC    STATUS, C
00000030 c6a8                LGOTO    0x157; main.o:_02108_DS_=0x157
00000031 deff                MOVIA    0x0
00000032 ff75                MOVAR    PCHBUF
00000033 feb0                MOVR     0x4f, ToAcc
00000034 dac7                ADDIA    0x38
00000035 f3fc                BTRSC    STATUS, C
00000036 fa75                INCR     PCHBUF, ToReg
00000037 ff7d                MOVAR    PCL
main.o:_02193_DS_:
00000038 c7b5                LGOTO    0x4a; main.o:_02053_DS_=0x4a
00000039 c7a6                LGOTO    0x59; main.o:_02056_DS_=0x59
0000003a c797                LGOTO    0x68; main.o:_02059_DS_=0x68
0000003b c788                LGOTO    0x77; main.o:_02062_DS_=0x77
0000003c c779                LGOTO    0x86; main.o:_02065_DS_=0x86
0000003d c76a                LGOTO    0x95; main.o:_02068_DS_=0x95
0000003e c75b                LGOTO    0xa4; main.o:_02071_DS_=0xa4
0000003f c74c                LGOTO    0xb3; main.o:_02074_DS_=0xb3
00000040 c73d                LGOTO    0xc2; main.o:_02077_DS_=0xc2
00000041 c72e                LGOTO    0xd1; main.o:_02080_DS_=0xd1
00000042 c71f                LGOTO    0xe0; main.o:_02083_DS_=0xe0
00000043 c710                LGOTO    0xef; main.o:_02086_DS_=0xef
00000044 c701                LGOTO    0xfe; main.o:_02089_DS_=0xfe
00000045 c6f2                LGOTO    0x10d; main.o:_02092_DS_=0x10d
00000046 c6e3                LGOTO    0x11c; main.o:_02095_DS_=0x11c
00000047 c6d4                LGOTO    0x12b; main.o:_02098_DS_=0x12b
00000048 c6c5                LGOTO    0x13a; main.o:_02101_DS_=0x13a
00000049 c6b6                LGOTO    0x149; main.o:_02104_DS_=0x149
main.o:_02053_DS_:
0000004a f7cf                BTRSS    0x30, 0x0
0000004b c6a8                LGOTO    0x157; main.o:_02108_DS_=0x157
0000004c e7fa                BSR      PORTA, PA0
0000004d ffea                IOSTR    IOSTA
0000004e ff4a                MOVAR    0x35
0000004f e3ca                BCR      0x35, 0x0
00000050 feca                MOVR     0x35, ToAcc
00000051 fffa                IOST     IOSTA
00000052 e37a                BCR      PORTA, PA1
00000053 ffea                IOSTR    IOSTA
00000054 ff4a                MOVAR    0x35
00000055 e34a                BCR      0x35, 0x1
00000056 feca                MOVR     0x35, ToAcc
00000057 fffa                IOST     IOSTA
00000058 c6a8                LGOTO    0x157; main.o:_02108_DS_=0x157
main.o:_02056_DS_:
00000059 f74f                BTRSS    0x30, 0x1
0000005a c6a8                LGOTO    0x157; main.o:_02108_DS_=0x157
0000005b e77a                BSR      PORTA, PA1
0000005c ffea                IOSTR    IOSTA
0000005d ff4a                MOVAR    0x35
0000005e e34a                BCR      0x35, 0x1
0000005f feca                MOVR     0x35, ToAcc
00000060 fffa                IOST     IOSTA
00000061 e3fa                BCR      PORTA, PA0
00000062 ffea                IOSTR    IOSTA
00000063 ff4a                MOVAR    0x35
00000064 e3ca                BCR      0x35, 0x0
00000065 feca                MOVR     0x35, ToAcc
00000066 fffa                IOST     IOSTA
00000067 c6a8                LGOTO    0x157; main.o:_02108_DS_=0x157
main.o:_02059_DS_:
00000068 f6cf                BTRSS    0x30, 0x2
00000069 c6a8                LGOTO    0x157; main.o:_02108_DS_=0x157
0000006a e47a                BSR      PORTA, PA7
0000006b ffea                IOSTR    IOSTA
0000006c ff4a                MOVAR    0x35
0000006d e04a                BCR      0x35, 0x7
0000006e feca                MOVR     0x35, ToAcc
0000006f fffa                IOST     IOSTA
00000070 e37a                BCR      PORTA, PA1
00000071 ffea                IOSTR    IOSTA
00000072 ff4a                MOVAR    0x35
00000073 e34a                BCR      0x35, 0x1
00000074 feca                MOVR     0x35, ToAcc
00000075 fffa                IOST     IOSTA
00000076 c6a8                LGOTO    0x157; main.o:_02108_DS_=0x157
main.o:_02062_DS_:
00000077 f64f                BTRSS    0x30, 0x3
00000078 c6a8                LGOTO    0x157; main.o:_02108_DS_=0x157
00000079 e47a                BSR      PORTA, PA7
0000007a ffea                IOSTR    IOSTA
0000007b ff4a                MOVAR    0x35
0000007c e04a                BCR      0x35, 0x7
0000007d feca                MOVR     0x35, ToAcc
0000007e fffa                IOST     IOSTA
0000007f e3fa                BCR      PORTA, PA0
00000080 ffea                IOSTR    IOSTA
00000081 ff4a                MOVAR    0x35
00000082 e3ca                BCR      0x35, 0x0
00000083 feca                MOVR     0x35, ToAcc
00000084 fffa                IOST     IOSTA
00000085 c6a8                LGOTO    0x157; main.o:_02108_DS_=0x157
main.o:_02065_DS_:
00000086 f5cf                BTRSS    0x30, 0x4
00000087 c6a8                LGOTO    0x157; main.o:_02108_DS_=0x157
00000088 e4fa                BSR      PORTA, PA6
00000089 ffea                IOSTR    IOSTA
0000008a ff4a                MOVAR    0x35
0000008b e0ca                BCR      0x35, 0x6
0000008c feca                MOVR     0x35, ToAcc
0000008d fffa                IOST     IOSTA
0000008e e3fa                BCR      PORTA, PA0
0000008f ffea                IOSTR    IOSTA
00000090 ff4a                MOVAR    0x35
00000091 e3ca                BCR      0x35, 0x0
00000092 feca                MOVR     0x35, ToAcc
00000093 fffa                IOST     IOSTA
00000094 c6a8                LGOTO    0x157; main.o:_02108_DS_=0x157
main.o:_02068_DS_:
00000095 f54f                BTRSS    0x30, 0x5
00000096 c6a8                LGOTO    0x157; main.o:_02108_DS_=0x157
00000097 e4fa                BSR      PORTA, PA6
00000098 ffea                IOSTR    IOSTA
00000099 ff4a                MOVAR    0x35
0000009a e0ca                BCR      0x35, 0x6
0000009b feca                MOVR     0x35, ToAcc
0000009c fffa                IOST     IOSTA
0000009d e37a                BCR      PORTA, PA1
0000009e ffea                IOSTR    IOSTA
0000009f ff4a                MOVAR    0x35
000000a0 e34a                BCR      0x35, 0x1
000000a1 feca                MOVR     0x35, ToAcc
000000a2 fffa                IOST     IOSTA
000000a3 c6a8                LGOTO    0x157; main.o:_02108_DS_=0x157
main.o:_02071_DS_:
000000a4 f4cf                BTRSS    0x30, 0x6
000000a5 c6a8                LGOTO    0x157; main.o:_02108_DS_=0x157
000000a6 e4fa                BSR      PORTA, PA6
000000a7 ffea                IOSTR    IOSTA
000000a8 ff4a                MOVAR    0x35
000000a9 e0ca                BCR      0x35, 0x6
000000aa feca                MOVR     0x35, ToAcc
000000ab fffa                IOST     IOSTA
000000ac e07a                BCR      PORTA, PA7
000000ad ffea                IOSTR    IOSTA
000000ae ff4a                MOVAR    0x35
000000af e04a                BCR      0x35, 0x7
000000b0 feca                MOVR     0x35, ToAcc
000000b1 fffa                IOST     IOSTA
000000b2 c6a8                LGOTO    0x157; main.o:_02108_DS_=0x157
main.o:_02074_DS_:
000000b3 f7ce                BTRSS    0x31, 0x0
000000b4 c6a8                LGOTO    0x157; main.o:_02108_DS_=0x157
000000b5 e579                BSR      PORTB, PB5
000000b6 ffe9                IOSTR    IOSTB
000000b7 ff4a                MOVAR    0x35
000000b8 e14a                BCR      0x35, 0x5
000000b9 feca                MOVR     0x35, ToAcc
000000ba fff9                IOST     IOSTB
000000bb e3fa                BCR      PORTA, PA0
000000bc ffea                IOSTR    IOSTA
000000bd ff4a                MOVAR    0x35
000000be e3ca                BCR      0x35, 0x0
000000bf feca                MOVR     0x35, ToAcc
000000c0 fffa                IOST     IOSTA
000000c1 c6a8                LGOTO    0x157; main.o:_02108_DS_=0x157
main.o:_02077_DS_:
000000c2 f74e                BTRSS    0x31, 0x1
000000c3 c6a8                LGOTO    0x157; main.o:_02108_DS_=0x157
000000c4 e7fa                BSR      PORTA, PA0
000000c5 ffea                IOSTR    IOSTA
000000c6 ff4a                MOVAR    0x35
000000c7 e3ca                BCR      0x35, 0x0
000000c8 feca                MOVR     0x35, ToAcc
000000c9 fffa                IOST     IOSTA
000000ca e179                BCR      PORTB, PB5
000000cb ffe9                IOSTR    IOSTB
000000cc ff4a                MOVAR    0x35
000000cd e14a                BCR      0x35, 0x5
000000ce feca                MOVR     0x35, ToAcc
000000cf fff9                IOST     IOSTB
000000d0 c6a8                LGOTO    0x157; main.o:_02108_DS_=0x157
main.o:_02080_DS_:
000000d1 f6ce                BTRSS    0x31, 0x2
000000d2 c6a8                LGOTO    0x157; main.o:_02108_DS_=0x157
000000d3 e579                BSR      PORTB, PB5
000000d4 ffe9                IOSTR    IOSTB
000000d5 ff4a                MOVAR    0x35
000000d6 e14a                BCR      0x35, 0x5
000000d7 feca                MOVR     0x35, ToAcc
000000d8 fff9                IOST     IOSTB
000000d9 e37a                BCR      PORTA, PA1
000000da ffea                IOSTR    IOSTA
000000db ff4a                MOVAR    0x35
000000dc e34a                BCR      0x35, 0x1
000000dd feca                MOVR     0x35, ToAcc
000000de fffa                IOST     IOSTA
000000df c6a8                LGOTO    0x157; main.o:_02108_DS_=0x157
main.o:_02083_DS_:
000000e0 f64e                BTRSS    0x31, 0x3
000000e1 c6a8                LGOTO    0x157; main.o:_02108_DS_=0x157
000000e2 e77a                BSR      PORTA, PA1
000000e3 ffea                IOSTR    IOSTA
000000e4 ff4a                MOVAR    0x35
000000e5 e34a                BCR      0x35, 0x1
000000e6 feca                MOVR     0x35, ToAcc
000000e7 fffa                IOST     IOSTA
000000e8 e179                BCR      PORTB, PB5
000000e9 ffe9                IOSTR    IOSTB
000000ea ff4a                MOVAR    0x35
000000eb e14a                BCR      0x35, 0x5
000000ec feca                MOVR     0x35, ToAcc
000000ed fff9                IOST     IOSTB
000000ee c6a8                LGOTO    0x157; main.o:_02108_DS_=0x157
main.o:_02086_DS_:
000000ef f5ce                BTRSS    0x31, 0x4
000000f0 c6a8                LGOTO    0x157; main.o:_02108_DS_=0x157
000000f1 e579                BSR      PORTB, PB5
000000f2 ffe9                IOSTR    IOSTB
000000f3 ff4a                MOVAR    0x35
000000f4 e14a                BCR      0x35, 0x5
000000f5 feca                MOVR     0x35, ToAcc
000000f6 fff9                IOST     IOSTB
000000f7 e07a                BCR      PORTA, PA7
000000f8 ffea                IOSTR    IOSTA
000000f9 ff4a                MOVAR    0x35
000000fa e04a                BCR      0x35, 0x7
000000fb feca                MOVR     0x35, ToAcc
000000fc fffa                IOST     IOSTA
000000fd c6a8                LGOTO    0x157; main.o:_02108_DS_=0x157
main.o:_02089_DS_:
000000fe f54e                BTRSS    0x31, 0x5
000000ff c6a8                LGOTO    0x157; main.o:_02108_DS_=0x157
00000100 e47a                BSR      PORTA, PA7
00000101 ffea                IOSTR    IOSTA
00000102 ff4a                MOVAR    0x35
00000103 e04a                BCR      0x35, 0x7
00000104 feca                MOVR     0x35, ToAcc
00000105 fffa                IOST     IOSTA
00000106 e179                BCR      PORTB, PB5
00000107 ffe9                IOSTR    IOSTB
00000108 ff4a                MOVAR    0x35
00000109 e14a                BCR      0x35, 0x5
0000010a feca                MOVR     0x35, ToAcc
0000010b fff9                IOST     IOSTB
0000010c c6a8                LGOTO    0x157; main.o:_02108_DS_=0x157
main.o:_02092_DS_:
0000010d f4ce                BTRSS    0x31, 0x6
0000010e c6a8                LGOTO    0x157; main.o:_02108_DS_=0x157
0000010f e4fa                BSR      PORTA, PA6
00000110 ffea                IOSTR    IOSTA
00000111 ff4a                MOVAR    0x35
00000112 e0ca                BCR      0x35, 0x6
00000113 feca                MOVR     0x35, ToAcc
00000114 fffa                IOST     IOSTA
00000115 e179                BCR      PORTB, PB5
00000116 ffe9                IOSTR    IOSTB
00000117 ff4a                MOVAR    0x35
00000118 e14a                BCR      0x35, 0x5
00000119 feca                MOVR     0x35, ToAcc
0000011a fff9                IOST     IOSTB
0000011b c6a8                LGOTO    0x157; main.o:_02108_DS_=0x157
main.o:_02095_DS_:
0000011c f750                BTRSS    0x2f, 0x1
0000011d c6a8                LGOTO    0x157; main.o:_02108_DS_=0x157
0000011e e77a                BSR      PORTA, PA1
0000011f ffea                IOSTR    IOSTA
00000120 ff4a                MOVAR    0x35
00000121 e34a                BCR      0x35, 0x1
00000122 feca                MOVR     0x35, ToAcc
00000123 fffa                IOST     IOSTA
00000124 e07a                BCR      PORTA, PA7
00000125 ffea                IOSTR    IOSTA
00000126 ff4a                MOVAR    0x35
00000127 e04a                BCR      0x35, 0x7
00000128 feca                MOVR     0x35, ToAcc
00000129 fffa                IOST     IOSTA
0000012a c6a8                LGOTO    0x157; main.o:_02108_DS_=0x157
main.o:_02098_DS_:
0000012b f6d0                BTRSS    0x2f, 0x2
0000012c c6a8                LGOTO    0x157; main.o:_02108_DS_=0x157
0000012d e7fa                BSR      PORTA, PA0
0000012e ffea                IOSTR    IOSTA
0000012f ff4a                MOVAR    0x35
00000130 e3ca                BCR      0x35, 0x0
00000131 feca                MOVR     0x35, ToAcc
00000132 fffa                IOST     IOSTA
00000133 e07a                BCR      PORTA, PA7
00000134 ffea                IOSTR    IOSTA
00000135 ff4a                MOVAR    0x35
00000136 e04a                BCR      0x35, 0x7
00000137 feca                MOVR     0x35, ToAcc
00000138 fffa                IOST     IOSTA
00000139 c6a8                LGOTO    0x157; main.o:_02108_DS_=0x157
main.o:_02101_DS_:
0000013a f650                BTRSS    0x2f, 0x3
0000013b c6a8                LGOTO    0x157; main.o:_02108_DS_=0x157
0000013c e77a                BSR      PORTA, PA1
0000013d ffea                IOSTR    IOSTA
0000013e ff4a                MOVAR    0x35
0000013f e34a                BCR      0x35, 0x1
00000140 feca                MOVR     0x35, ToAcc
00000141 fffa                IOST     IOSTA
00000142 e0fa                BCR      PORTA, PA6
00000143 ffea                IOSTR    IOSTA
00000144 ff4a                MOVAR    0x35
00000145 e0ca                BCR      0x35, 0x6
00000146 feca                MOVR     0x35, ToAcc
00000147 fffa                IOST     IOSTA
00000148 c6a8                LGOTO    0x157; main.o:_02108_DS_=0x157
main.o:_02104_DS_:
00000149 f5d0                BTRSS    0x2f, 0x4
0000014a c6a8                LGOTO    0x157; main.o:_02108_DS_=0x157
0000014b e7fa                BSR      PORTA, PA0
0000014c ffea                IOSTR    IOSTA
0000014d ff4a                MOVAR    0x35
0000014e e3ca                BCR      0x35, 0x0
0000014f feca                MOVR     0x35, ToAcc
00000150 fffa                IOST     IOSTA
00000151 e0fa                BCR      PORTA, PA6
00000152 ffea                IOSTR    IOSTA
00000153 ff4a                MOVAR    0x35
00000154 e0ca                BCR      0x35, 0x6
00000155 feca                MOVR     0x35, ToAcc
00000156 fffa                IOST     IOSTA
main.o:_02108_DS_:
00000157 fa30                INCR     0x4f, ToReg
00000158 deed                MOVIA    0x12
00000159 fbb0                SUBAR    0x4f, ToAcc
0000015a f3fc                BTRSC    STATUS, C
0000015b fd30                CLRR     0x4f
0000015c ffef                RET
_app_display_all:
0000015d e0fc                BCR      STATUS, BK0
0000015e fed2                MOVR     0x2d, ToAcc
0000015f f2fc                BTRSC    STATUS, Z
00000160 c67f                LGOTO    0x180; main.o:_02419_DS_=0x180
00000161 fed2                MOVR     0x2d, ToAcc
00000162 ff4b                MOVAR    0x34
00000163 f9cb                DECR     0x34, ToAcc
00000164 ff52                MOVAR    0x2d
00000165 de16                MOVIA    0xe9
00000166 ff05                MOVAR    0x7a
00000167 def9                MOVIA    0x6
00000168 ff06                MOVAR    0x79
00000169 de7f                MOVIA    0x80
0000016a d12a                LCALL    0x6d5; __gptrget=0x6d5
0000016b e0fc                BCR      STATUS, BK0
0000016c ff50                MOVAR    0x2f
0000016d dee7                MOVIA    0x18
0000016e ee50                IORAR    0x2f, ToReg
0000016f de0f                MOVIA    0xf0
00000170 ff05                MOVAR    0x7a
00000171 def9                MOVIA    0x6
00000172 ff06                MOVAR    0x79
00000173 de7f                MOVIA    0x80
00000174 d12a                LCALL    0x6d5; __gptrget=0x6d5
00000175 e0fc                BCR      STATUS, BK0
00000176 ff4e                MOVAR    0x31
00000177 ff4b                MOVAR    0x34
00000178 ff4f                MOVAR    0x30
00000179 fed2                MOVR     0x2d, ToAcc
0000017a f6fc                BTRSS    STATUS, Z
0000017b c589                LGOTO    0x276; main.o:_02421_DS_=0x276
0000017c fd50                CLRR     0x2f
0000017d fd4f                CLRR     0x30
0000017e fd4e                CLRR     0x31
0000017f c589                LGOTO    0x276; main.o:_02421_DS_=0x276
main.o:_02419_DS_:
00000180 f55a                BTRSS    0x25, 0x5
00000181 c62d                LGOTO    0x1d2; main.o:_02416_DS_=0x1d2
00000182 fd58                CLRR     0x27
00000183 deeb                MOVIA    0x14
00000184 ff57                MOVAR    0x28
00000185 de9b                MOVIA    0x64
00000186 fbd1                SUBAR    0x2e, ToAcc
00000187 f3fc                BTRSC    STATUS, C
00000188 c646                LGOTO    0x1b9; main.o:_02384_DS_=0x1b9
00000189 deef                MOVIA    0x10
0000018a ff50                MOVAR    0x2f
0000018b f5db                BTRSS    0x24, 0x4
0000018c c671                LGOTO    0x18e; main.o:_00001_DS_=0x18e
0000018d e650                BSR      0x2f, 0x3
main.o:_00001_DS_:
0000018e f45b                BTRSS    0x24, 0x7
0000018f c648                LGOTO    0x1b7; main.o:_02379_DS_=0x1b7
00000190 def5                MOVIA    0xa
00000191 ff06                MOVAR    0x79
00000192 fed1                MOVR     0x2e, ToAcc
00000193 d172                LCALL    0x68d; __divuchar=0x68d
00000194 e0fc                BCR      STATUS, BK0
00000195 ff4b                MOVAR    0x34
00000196 def5                MOVIA    0xa
00000197 ff06                MOVAR    0x79
00000198 fed1                MOVR     0x2e, ToAcc
00000199 d156                LCALL    0x6a9; __moduchar=0x6a9
0000019a e0fc                BCR      STATUS, BK0
0000019b ff49                MOVAR    0x36
0000019c de17                MOVIA    0xe8
0000019d fc4b                ADDAR    0x34, ToReg
0000019e def9                MOVIA    0x6
0000019f d9ff                ADCIA    0x0
000001a0 ff48                MOVAR    0x37
000001a1 fecb                MOVR     0x34, ToAcc
000001a2 ff05                MOVAR    0x7a
000001a3 fec8                MOVR     0x37, ToAcc
000001a4 ff06                MOVAR    0x79
000001a5 de7f                MOVIA    0x80
000001a6 d12a                LCALL    0x6d5; __gptrget=0x6d5
000001a7 e0fc                BCR      STATUS, BK0
000001a8 ff4f                MOVAR    0x30
000001a9 de17                MOVIA    0xe8
000001aa fc49                ADDAR    0x36, ToReg
000001ab def9                MOVIA    0x6
000001ac d9ff                ADCIA    0x0
000001ad ff4b                MOVAR    0x34
000001ae fec9                MOVR     0x36, ToAcc
000001af ff05                MOVAR    0x7a
000001b0 fecb                MOVR     0x34, ToAcc
000001b1 ff06                MOVAR    0x79
000001b2 de7f                MOVIA    0x80
000001b3 d12a                LCALL    0x6d5; __gptrget=0x6d5
000001b4 e0fc                BCR      STATUS, BK0
000001b5 ff4e                MOVAR    0x31
000001b6 c589                LGOTO    0x276; main.o:_02421_DS_=0x276
main.o:_02379_DS_:
000001b7 fd4e                CLRR     0x31
000001b8 c589                LGOTO    0x276; main.o:_02421_DS_=0x276
main.o:_02384_DS_:
000001b9 d7fe                LCALL    0x1; _disable_breathing_mode=0x1
000001ba e679                BSR      PORTB, PB3
000001bb de16                MOVIA    0xe9
000001bc ff05                MOVAR    0x7a
000001bd def9                MOVIA    0x6
000001be ff06                MOVAR    0x79
000001bf de7f                MOVIA    0x80
000001c0 d12a                LCALL    0x6d5; __gptrget=0x6d5
000001c1 e0fc                BCR      STATUS, BK0
000001c2 ff50                MOVAR    0x2f
000001c3 e5d0                BSR      0x2f, 0x4
000001c4 f5db                BTRSS    0x24, 0x4
000001c5 c638                LGOTO    0x1c7; main.o:_00002_DS_=0x1c7
000001c6 e650                BSR      0x2f, 0x3
main.o:_00002_DS_:
000001c7 de17                MOVIA    0xe8
000001c8 ff05                MOVAR    0x7a
000001c9 def9                MOVIA    0x6
000001ca ff06                MOVAR    0x79
000001cb de7f                MOVIA    0x80
000001cc d12a                LCALL    0x6d5; __gptrget=0x6d5
000001cd e0fc                BCR      STATUS, BK0
000001ce ff4e                MOVAR    0x31
000001cf ff4b                MOVAR    0x34
000001d0 ff4f                MOVAR    0x30
000001d1 c589                LGOTO    0x276; main.o:_02421_DS_=0x276
main.o:_02416_DS_:
000001d2 fed8                MOVR     0x27, ToAcc
000001d3 f2fc                BTRSC    STATUS, Z
000001d4 c5e4                LGOTO    0x21b; main.o:_02413_DS_=0x21b
000001d5 fed8                MOVR     0x27, ToAcc
000001d6 ff4b                MOVAR    0x34
000001d7 f9cb                DECR     0x34, ToAcc
000001d8 ff58                MOVAR    0x27
000001d9 fd57                CLRR     0x28
000001da deef                MOVIA    0x10
000001db ff50                MOVAR    0x2f
000001dc f5db                BTRSS    0x24, 0x4
000001dd c620                LGOTO    0x1df; main.o:_00003_DS_=0x1df
000001de e650                BSR      0x2f, 0x3
main.o:_00003_DS_:
000001df f7d8                BTRSS    0x27, 0x0
000001e0 c5f7                LGOTO    0x208; main.o:_02391_DS_=0x208
000001e1 def5                MOVIA    0xa
000001e2 ff06                MOVAR    0x79
000001e3 fed1                MOVR     0x2e, ToAcc
000001e4 d172                LCALL    0x68d; __divuchar=0x68d
000001e5 e0fc                BCR      STATUS, BK0
000001e6 ff4b                MOVAR    0x34
000001e7 def5                MOVIA    0xa
000001e8 ff06                MOVAR    0x79
000001e9 fed1                MOVR     0x2e, ToAcc
000001ea d156                LCALL    0x6a9; __moduchar=0x6a9
000001eb e0fc                BCR      STATUS, BK0
000001ec ff49                MOVAR    0x36
000001ed de17                MOVIA    0xe8
000001ee fc4b                ADDAR    0x34, ToReg
000001ef def9                MOVIA    0x6
000001f0 d9ff                ADCIA    0x0
000001f1 ff48                MOVAR    0x37
000001f2 fecb                MOVR     0x34, ToAcc
000001f3 ff05                MOVAR    0x7a
000001f4 fec8                MOVR     0x37, ToAcc
000001f5 ff06                MOVAR    0x79
000001f6 de7f                MOVIA    0x80
000001f7 d12a                LCALL    0x6d5; __gptrget=0x6d5
000001f8 e0fc                BCR      STATUS, BK0
000001f9 ff4f                MOVAR    0x30
000001fa de17                MOVIA    0xe8
000001fb fc49                ADDAR    0x36, ToReg
000001fc def9                MOVIA    0x6
000001fd d9ff                ADCIA    0x0
000001fe ff47                MOVAR    0x38
000001ff fec9                MOVR     0x36, ToAcc
00000200 ff05                MOVAR    0x7a
00000201 fec7                MOVR     0x38, ToAcc
00000202 ff06                MOVAR    0x79
00000203 de7f                MOVIA    0x80
00000204 d12a                LCALL    0x6d5; __gptrget=0x6d5
00000205 e0fc                BCR      STATUS, BK0
00000206 ff4e                MOVAR    0x31
00000207 c5f1                LGOTO    0x20e; main.o:_02392_DS_=0x20e
main.o:_02391_DS_:
00000208 defa                MOVIA    0x5
00000209 fbd1                SUBAR    0x2e, ToAcc
0000020a f3fc                BTRSC    STATUS, C
0000020b c5f1                LGOTO    0x20e; main.o:_02392_DS_=0x20e
0000020c fd4f                CLRR     0x30
0000020d fd4e                CLRR     0x31
main.o:_02392_DS_:
0000020e fed8                MOVR     0x27, ToAcc
0000020f f6fc                BTRSS    STATUS, Z
00000210 c589                LGOTO    0x276; main.o:_02421_DS_=0x276
00000211 fed1                MOVR     0x2e, ToAcc
00000212 f2fc                BTRSC    STATUS, Z
00000213 c589                LGOTO    0x276; main.o:_02421_DS_=0x276
00000214 fed1                MOVR     0x2e, ToAcc
00000215 ff4b                MOVAR    0x34
00000216 f9cb                DECR     0x34, ToAcc
00000217 ff51                MOVAR    0x2e
00000218 def5                MOVIA    0xa
00000219 ff58                MOVAR    0x27
0000021a c589                LGOTO    0x276; main.o:_02421_DS_=0x276
main.o:_02413_DS_:
0000021b fed7                MOVR     0x28, ToAcc
0000021c f2fc                BTRSC    STATUS, Z
0000021d c58c                LGOTO    0x273; main.o:_02410_DS_=0x273
0000021e fed7                MOVR     0x28, ToAcc
0000021f ff4b                MOVAR    0x34
00000220 f9cb                DECR     0x34, ToAcc
00000221 ff57                MOVAR    0x28
00000222 de9b                MOVIA    0x64
00000223 fbd1                SUBAR    0x2e, ToAcc
00000224 f3fc                BTRSC    STATUS, C
00000225 c5a4                LGOTO    0x25b; main.o:_02407_DS_=0x25b
00000226 deef                MOVIA    0x10
00000227 ff50                MOVAR    0x2f
00000228 f5db                BTRSS    0x24, 0x4
00000229 c5d4                LGOTO    0x22b; main.o:_00004_DS_=0x22b
0000022a e650                BSR      0x2f, 0x3
main.o:_00004_DS_:
0000022b f45b                BTRSS    0x24, 0x7
0000022c c5ab                LGOTO    0x254; main.o:_02402_DS_=0x254
0000022d def5                MOVIA    0xa
0000022e ff06                MOVAR    0x79
0000022f fed1                MOVR     0x2e, ToAcc
00000230 d172                LCALL    0x68d; __divuchar=0x68d
00000231 e0fc                BCR      STATUS, BK0
00000232 ff4b                MOVAR    0x34
00000233 def5                MOVIA    0xa
00000234 ff06                MOVAR    0x79
00000235 fed1                MOVR     0x2e, ToAcc
00000236 d156                LCALL    0x6a9; __moduchar=0x6a9
00000237 e0fc                BCR      STATUS, BK0
00000238 ff49                MOVAR    0x36
00000239 de17                MOVIA    0xe8
0000023a fc4b                ADDAR    0x34, ToReg
0000023b def9                MOVIA    0x6
0000023c d9ff                ADCIA    0x0
0000023d ff48                MOVAR    0x37
0000023e fecb                MOVR     0x34, ToAcc
0000023f ff05                MOVAR    0x7a
00000240 fec8                MOVR     0x37, ToAcc
00000241 ff06                MOVAR    0x79
00000242 de7f                MOVIA    0x80
00000243 d12a                LCALL    0x6d5; __gptrget=0x6d5
00000244 e0fc                BCR      STATUS, BK0
00000245 ff4f                MOVAR    0x30
00000246 de17                MOVIA    0xe8
00000247 fc49                ADDAR    0x36, ToReg
00000248 def9                MOVIA    0x6
00000249 d9ff                ADCIA    0x0
0000024a ff4b                MOVAR    0x34
0000024b fec9                MOVR     0x36, ToAcc
0000024c ff05                MOVAR    0x7a
0000024d fecb                MOVR     0x34, ToAcc
0000024e ff06                MOVAR    0x79
0000024f de7f                MOVIA    0x80
00000250 d12a                LCALL    0x6d5; __gptrget=0x6d5
00000251 e0fc                BCR      STATUS, BK0
00000252 ff4e                MOVAR    0x31
00000253 c589                LGOTO    0x276; main.o:_02421_DS_=0x276
main.o:_02402_DS_:
00000254 defa                MOVIA    0x5
00000255 fbd1                SUBAR    0x2e, ToAcc
00000256 f3fc                BTRSC    STATUS, C
00000257 c589                LGOTO    0x276; main.o:_02421_DS_=0x276
00000258 fd4f                CLRR     0x30
00000259 fd4e                CLRR     0x31
0000025a c589                LGOTO    0x276; main.o:_02421_DS_=0x276
main.o:_02407_DS_:
0000025b de16                MOVIA    0xe9
0000025c ff05                MOVAR    0x7a
0000025d def9                MOVIA    0x6
0000025e ff06                MOVAR    0x79
0000025f de7f                MOVIA    0x80
00000260 d12a                LCALL    0x6d5; __gptrget=0x6d5
00000261 e0fc                BCR      STATUS, BK0
00000262 ff50                MOVAR    0x2f
00000263 e5d0                BSR      0x2f, 0x4
00000264 f5db                BTRSS    0x24, 0x4
00000265 c598                LGOTO    0x267; main.o:_00005_DS_=0x267
00000266 e650                BSR      0x2f, 0x3
main.o:_00005_DS_:
00000267 de17                MOVIA    0xe8
00000268 ff05                MOVAR    0x7a
00000269 def9                MOVIA    0x6
0000026a ff06                MOVAR    0x79
0000026b de7f                MOVIA    0x80
0000026c d12a                LCALL    0x6d5; __gptrget=0x6d5
0000026d e0fc                BCR      STATUS, BK0
0000026e ff4b                MOVAR    0x34
0000026f ff4f                MOVAR    0x30
00000270 fecb                MOVR     0x34, ToAcc
00000271 ff4e                MOVAR    0x31
00000272 c589                LGOTO    0x276; main.o:_02421_DS_=0x276
main.o:_02410_DS_:
00000273 fd50                CLRR     0x2f
00000274 fd4f                CLRR     0x30
00000275 fd4e                CLRR     0x31
main.o:_02421_DS_:
00000276 ffef                RET
_ip55xs_write4Bytes:
00000277 e0fc                BCR      STATUS, BK0
00000278 ff40                MOVAR    0x3f
00000279 fe86                MOVR     0x79, ToAcc
0000027a ff41                MOVAR    0x3e
0000027b fe85                MOVR     0x7a, ToAcc
0000027c ff3d                MOVAR    0x42
0000027d fe84                MOVR     0x7b, ToAcc
0000027e ff3e                MOVAR    0x41
0000027f fe83                MOVR     0x7c, ToAcc
00000280 ff3f                MOVAR    0x40
00000281 fec1                MOVR     0x3e, ToAcc
00000282 ff05                MOVAR    0x7a
00000283 deef                MOVIA    0x10
00000284 ff06                MOVAR    0x79
00000285 de15                MOVIA    0xea
00000286 d200                LCALL    0x5ff; _ip53xs_writeByte=0x5ff
00000287 e0fc                BCR      STATUS, BK0
00000288 fec0                MOVR     0x3f, ToAcc
00000289 ff41                MOVAR    0x3e
0000028a ff05                MOVAR    0x7a
0000028b deee                MOVIA    0x11
0000028c ff06                MOVAR    0x79
0000028d de15                MOVIA    0xea
0000028e d200                LCALL    0x5ff; _ip53xs_writeByte=0x5ff
0000028f deaa                MOVIA    0x55
00000290 ff05                MOVAR    0x7a
00000291 deed                MOVIA    0x12
00000292 ff06                MOVAR    0x79
00000293 de15                MOVIA    0xea
00000294 d200                LCALL    0x5ff; _ip53xs_writeByte=0x5ff
00000295 deaa                MOVIA    0x55
00000296 ff05                MOVAR    0x7a
00000297 deec                MOVIA    0x13
00000298 ff06                MOVAR    0x79
00000299 de15                MOVIA    0xea
0000029a d200                LCALL    0x5ff; _ip53xs_writeByte=0x5ff
0000029b deff                MOVIA    0x0
0000029c ff06                MOVAR    0x79
0000029d de15                MOVIA    0xea
0000029e d261                LCALL    0x59e; _ip53xs_readByte=0x59e
0000029f e0fc                BCR      STATUS, BK0
000002a0 ff41                MOVAR    0x3e
000002a1 de9b                MOVIA    0x64
000002a2 ff40                MOVAR    0x3f
main.o:_02290_DS_:
000002a3 fec0                MOVR     0x3f, ToAcc
000002a4 f2fc                BTRSC    STATUS, Z
000002a5 c557                LGOTO    0x2a8; main.o:_02288_DS_=0x2a8
000002a6 f940                DECR     0x3f, ToReg
000002a7 c555                LGOTO    0x2aa; main.o:_02291_DS_=0x2aa
main.o:_02288_DS_:
000002a8 deff                MOVIA    0x0
000002a9 c4c7                LGOTO    0x338; main.o:_02305_DS_=0x338
main.o:_02291_DS_:
000002aa fec1                MOVR     0x3e, ToAcc
000002ab db55                XORIA    0xaa
000002ac f6fc                BTRSS    STATUS, Z
000002ad c55c                LGOTO    0x2a3; main.o:_02290_DS_=0x2a3
000002ae febf                MOVR     0x40, ToAcc
000002af ff05                MOVAR    0x7a
000002b0 febe                MOVR     0x41, ToAcc
000002b1 ff06                MOVAR    0x79
000002b2 febd                MOVR     0x42, ToAcc
000002b3 d12a                LCALL    0x6d5; __gptrget=0x6d5
000002b4 e0fc                BCR      STATUS, BK0
000002b5 ff41                MOVAR    0x3e
000002b6 ff05                MOVAR    0x7a
000002b7 deef                MOVIA    0x10
000002b8 ff06                MOVAR    0x79
000002b9 de15                MOVIA    0xea
000002ba d200                LCALL    0x5ff; _ip53xs_writeByte=0x5ff
000002bb e0fc                BCR      STATUS, BK0
000002bc fa3f                INCR     0x40, ToReg
000002bd f6fc                BTRSS    STATUS, Z
000002be c53f                LGOTO    0x2c0; main.o:_00008_DS_=0x2c0
000002bf fa3e                INCR     0x41, ToReg
main.o:_00008_DS_:
000002c0 f6fc                BTRSS    STATUS, Z
000002c1 c53c                LGOTO    0x2c3; main.o:_00009_DS_=0x2c3
000002c2 fa3d                INCR     0x42, ToReg
main.o:_00009_DS_:
000002c3 febf                MOVR     0x40, ToAcc
000002c4 ff05                MOVAR    0x7a
000002c5 febe                MOVR     0x41, ToAcc
000002c6 ff06                MOVAR    0x79
000002c7 febd                MOVR     0x42, ToAcc
000002c8 d12a                LCALL    0x6d5; __gptrget=0x6d5
000002c9 e0fc                BCR      STATUS, BK0
000002ca ff41                MOVAR    0x3e
000002cb ff05                MOVAR    0x7a
000002cc deee                MOVIA    0x11
000002cd ff06                MOVAR    0x79
000002ce de15                MOVIA    0xea
000002cf d200                LCALL    0x5ff; _ip53xs_writeByte=0x5ff
000002d0 de99                MOVIA    0x66
000002d1 ff05                MOVAR    0x7a
000002d2 deed                MOVIA    0x12
000002d3 ff06                MOVAR    0x79
000002d4 de15                MOVIA    0xea
000002d5 d200                LCALL    0x5ff; _ip53xs_writeByte=0x5ff
000002d6 de99                MOVIA    0x66
000002d7 ff05                MOVAR    0x7a
000002d8 deec                MOVIA    0x13
000002d9 ff06                MOVAR    0x79
000002da de15                MOVIA    0xea
000002db d200                LCALL    0x5ff; _ip53xs_writeByte=0x5ff
000002dc deff                MOVIA    0x0
000002dd ff06                MOVAR    0x79
000002de de15                MOVIA    0xea
000002df d261                LCALL    0x59e; _ip53xs_readByte=0x59e
000002e0 e0fc                BCR      STATUS, BK0
000002e1 ff41                MOVAR    0x3e
000002e2 de9b                MOVIA    0x64
000002e3 ff40                MOVAR    0x3f
main.o:_02296_DS_:
000002e4 fec0                MOVR     0x3f, ToAcc
000002e5 f2fc                BTRSC    STATUS, Z
000002e6 c516                LGOTO    0x2e9; main.o:_02294_DS_=0x2e9
000002e7 f940                DECR     0x3f, ToReg
000002e8 c514                LGOTO    0x2eb; main.o:_02297_DS_=0x2eb
main.o:_02294_DS_:
000002e9 deff                MOVIA    0x0
000002ea c4c7                LGOTO    0x338; main.o:_02305_DS_=0x338
main.o:_02297_DS_:
000002eb fec1                MOVR     0x3e, ToAcc
000002ec dbaa                XORIA    0x55
000002ed f6fc                BTRSS    STATUS, Z
000002ee c51b                LGOTO    0x2e4; main.o:_02296_DS_=0x2e4
000002ef fa3f                INCR     0x40, ToReg
000002f0 f6fc                BTRSS    STATUS, Z
000002f1 c50c                LGOTO    0x2f3; main.o:_00010_DS_=0x2f3
000002f2 fa3e                INCR     0x41, ToReg
main.o:_00010_DS_:
000002f3 f6fc                BTRSS    STATUS, Z
000002f4 c509                LGOTO    0x2f6; main.o:_00011_DS_=0x2f6
000002f5 fa3d                INCR     0x42, ToReg
main.o:_00011_DS_:
000002f6 febf                MOVR     0x40, ToAcc
000002f7 ff05                MOVAR    0x7a
000002f8 febe                MOVR     0x41, ToAcc
000002f9 ff06                MOVAR    0x79
000002fa febd                MOVR     0x42, ToAcc
000002fb d12a                LCALL    0x6d5; __gptrget=0x6d5
000002fc e0fc                BCR      STATUS, BK0
000002fd ff41                MOVAR    0x3e
000002fe ff05                MOVAR    0x7a
000002ff deef                MOVIA    0x10
00000300 ff06                MOVAR    0x79
00000301 de15                MOVIA    0xea
00000302 d200                LCALL    0x5ff; _ip53xs_writeByte=0x5ff
00000303 e0fc                BCR      STATUS, BK0
00000304 fa3f                INCR     0x40, ToReg
00000305 f6fc                BTRSS    STATUS, Z
00000306 c4f7                LGOTO    0x308; main.o:_00012_DS_=0x308
00000307 fa3e                INCR     0x41, ToReg
main.o:_00012_DS_:
00000308 f6fc                BTRSS    STATUS, Z
00000309 c4f4                LGOTO    0x30b; main.o:_00013_DS_=0x30b
0000030a fa3d                INCR     0x42, ToReg
main.o:_00013_DS_:
0000030b febf                MOVR     0x40, ToAcc
0000030c ff05                MOVAR    0x7a
0000030d febe                MOVR     0x41, ToAcc
0000030e ff06                MOVAR    0x79
0000030f febd                MOVR     0x42, ToAcc
00000310 d12a                LCALL    0x6d5; __gptrget=0x6d5
00000311 e0fc                BCR      STATUS, BK0
00000312 ff41                MOVAR    0x3e
00000313 ff05                MOVAR    0x7a
00000314 deee                MOVIA    0x11
00000315 ff06                MOVAR    0x79
00000316 de15                MOVIA    0xea
00000317 d200                LCALL    0x5ff; _ip53xs_writeByte=0x5ff
00000318 de88                MOVIA    0x77
00000319 ff05                MOVAR    0x7a
0000031a deed                MOVIA    0x12
0000031b ff06                MOVAR    0x79
0000031c de15                MOVIA    0xea
0000031d d200                LCALL    0x5ff; _ip53xs_writeByte=0x5ff
0000031e de88                MOVIA    0x77
0000031f ff05                MOVAR    0x7a
00000320 deec                MOVIA    0x13
00000321 ff06                MOVAR    0x79
00000322 de15                MOVIA    0xea
00000323 d200                LCALL    0x5ff; _ip53xs_writeByte=0x5ff
00000324 deff                MOVIA    0x0
00000325 ff06                MOVAR    0x79
00000326 de15                MOVIA    0xea
00000327 d261                LCALL    0x59e; _ip53xs_readByte=0x59e
00000328 e0fc                BCR      STATUS, BK0
00000329 ff41                MOVAR    0x3e
0000032a de9b                MOVIA    0x64
0000032b ff40                MOVAR    0x3f
main.o:_02302_DS_:
0000032c fec0                MOVR     0x3f, ToAcc
0000032d f2fc                BTRSC    STATUS, Z
0000032e c4ce                LGOTO    0x331; main.o:_02300_DS_=0x331
0000032f f940                DECR     0x3f, ToReg
00000330 c4cc                LGOTO    0x333; main.o:_02303_DS_=0x333
main.o:_02300_DS_:
00000331 deff                MOVIA    0x0
00000332 c4c7                LGOTO    0x338; main.o:_02305_DS_=0x338
main.o:_02303_DS_:
00000333 fec1                MOVR     0x3e, ToAcc
00000334 db00                XORIA    0xff
00000335 f6fc                BTRSS    STATUS, Z
00000336 c4d3                LGOTO    0x32c; main.o:_02302_DS_=0x32c
00000337 defe                MOVIA    0x1
main.o:_02305_DS_:
00000338 ffef                RET
_main:
00000339 ffec                DISI
0000033a de01                MOVIA    0xfe
0000033b ff73                MOVAR    BPHCON
0000033c de00                MOVIA    0xff
0000033d fffa                IOST     IOSTA
0000033e fff9                IOST     IOSTB
0000033f fd7a                CLRR     PORTA
00000340 fd79                CLRR     PORTB
00000341 fdff                CLRA
00000342 ffb0                SFUN     OSCCR
00000343 ffff                NOP
00000344 defe                MOVIA    0x1
00000345 ffb0                SFUN     OSCCR
00000346 ffff                NOP
00000347 fdff                CLRA
00000348 fff0                IOST     PCON1
00000349 def0                MOVIA    0xf
0000034a fffc                T0MD
0000034b defe                MOVIA    0x1
0000034c ff71                MOVAR    INTE
0000034d de37                MOVIA    0xc8
0000034e ff77                MOVAR    PCON
0000034f defe                MOVIA    0x1
00000350 fff0                IOST     PCON1
00000351 fffb                ENI
00000352 deeb                MOVIA    0x14
00000353 e0fc                BCR      STATUS, BK0
00000354 ff56                MOVAR    0x29
00000355 e5da                BSR      0x25, 0x4
00000356 def9                MOVIA    0x6
00000357 ff52                MOVAR    0x2d
00000358 ffe9                IOSTR    IOSTB
00000359 ff3a                MOVAR    0x45
0000035a e1ba                BCR      0x45, 0x4
0000035b feba                MOVR     0x45, ToAcc
0000035c fff9                IOST     IOSTB
0000035d e1f9                BCR      PORTB, PB4
0000035e ffe9                IOSTR    IOSTB
0000035f ff3a                MOVAR    0x45
00000360 e23a                BCR      0x45, 0x3
00000361 feba                MOVR     0x45, ToAcc
00000362 fff9                IOST     IOSTB
00000363 e279                BCR      PORTB, PB3
00000364 ffe9                IOSTR    IOSTB
00000365 ff3a                MOVAR    0x45
00000366 e2ba                BCR      0x45, 0x2
00000367 feba                MOVR     0x45, ToAcc
00000368 fff9                IOST     IOSTB
00000369 e2f9                BCR      PORTB, PB2
0000036a deeb                MOVIA    0x14
0000036b ff57                MOVAR    0x28
main.o:_02456_DS_:
0000036c fffd                CLRWDT
0000036d f7db                BTRSS    0x24, 0x0
0000036e c493                LGOTO    0x36c; main.o:_02456_DS_=0x36c
0000036f e3db                BCR      0x24, 0x0
00000370 f75b                BTRSS    0x24, 0x1
00000371 c493                LGOTO    0x36c; main.o:_02456_DS_=0x36c
00000372 e35b                BCR      0x24, 0x1
00000373 fed5                MOVR     0x2a, ToAcc
00000374 ff3a                MOVAR    0x45
00000375 faba                INCR     0x45, ToAcc
00000376 ff55                MOVAR    0x2a
00000377 f15a                BTRSC    0x25, 0x5
00000378 c484                LGOTO    0x37b; main.o:_02427_DS_=0x37b
00000379 d22e                LCALL    0x5d1; _gpioKeyScan=0x5d1
0000037a c47e                LGOTO    0x381; main.o:_02428_DS_=0x381
main.o:_02427_DS_:
0000037b ffe9                IOSTR    IOSTB
0000037c e0fc                BCR      STATUS, BK0
0000037d ff3a                MOVAR    0x45
0000037e e73a                BSR      0x45, 0x1
0000037f feba                MOVR     0x45, ToAcc
00000380 fff9                IOST     IOSTB
main.o:_02428_DS_:
00000381 d29b                LCALL    0x564; _get_p_ext_int_status=0x564
00000382 e0fc                BCR      STATUS, BK0
00000383 f65a                BTRSS    0x25, 0x3
00000384 c478                LGOTO    0x387; main.o:_02430_DS_=0x387
00000385 f2fa                BTRSC    PORTA, PA2
00000386 d2e2                LCALL    0x51d; _is_chg_or_dischg=0x51d
main.o:_02430_DS_:
00000387 e0fc                BCR      STATUS, BK0
00000388 fed5                MOVR     0x2a, ToAcc
00000389 dde0                ANDIA    0x1f
0000038a f6fc                BTRSS    STATUS, Z
0000038b c462                LGOTO    0x39d; main.o:_02439_DS_=0x39d
0000038c de7f                MOVIA    0x80
0000038d ed5b                XORAR    0x24, ToReg
0000038e f65a                BTRSS    0x25, 0x3
0000038f c463                LGOTO    0x39c; main.o:_02436_DS_=0x39c
00000390 f6fa                BTRSS    PORTA, PA2
00000391 c463                LGOTO    0x39c; main.o:_02436_DS_=0x39c
00000392 fed4                MOVR     0x2b, ToAcc
00000393 f6fc                BTRSS    STATUS, Z
00000394 c468                LGOTO    0x397; main.o:_02433_DS_=0x397
00000395 d0f6                LCALL    0x709; _get_cap=0x709
00000396 c463                LGOTO    0x39c; main.o:_02436_DS_=0x39c
main.o:_02433_DS_:
00000397 e0fc                BCR      STATUS, BK0
00000398 fed4                MOVR     0x2b, ToAcc
00000399 ff3a                MOVAR    0x45
0000039a f9ba                DECR     0x45, ToAcc
0000039b ff54                MOVAR    0x2b
main.o:_02436_DS_:
0000039c d6a2                LCALL    0x15d; _app_display_all=0x15d
main.o:_02439_DS_:
0000039d e0fc                BCR      STATUS, BK0
0000039e fed5                MOVR     0x2a, ToAcc
0000039f ddc0                ANDIA    0x3f
000003a0 f6fc                BTRSS    STATUS, Z
000003a1 c493                LGOTO    0x36c; main.o:_02456_DS_=0x36c
000003a2 f15a                BTRSC    0x25, 0x5
000003a3 c493                LGOTO    0x36c; main.o:_02456_DS_=0x36c
000003a4 f2fa                BTRSC    PORTA, PA2
000003a5 c493                LGOTO    0x36c; main.o:_02456_DS_=0x36c
000003a6 fed6                MOVR     0x29, ToAcc
000003a7 f6fc                BTRSS    STATUS, Z
000003a8 c40d                LGOTO    0x3f2; main.o:_02444_DS_=0x3f2
000003a9 fffd                CLRWDT
000003aa fd71                CLRR     INTE
000003ab dea7                MOVIA    0x58
000003ac ff77                MOVAR    PCON
000003ad fdff                CLRA
000003ae fff0                IOST     PCON1
000003af fd70                CLRR     INTF
000003b0 ffec                DISI
000003b1 fd7a                CLRR     PORTA
000003b2 fd79                CLRR     PORTB
000003b3 fdff                CLRA
000003b4 fffa                IOST     IOSTA
000003b5 fff9                IOST     IOSTB
000003b6 ffe9                IOSTR    IOSTB
000003b7 ff3a                MOVAR    0x45
000003b8 e7ba                BSR      0x45, 0x0
000003b9 feba                MOVR     0x45, ToAcc
000003ba fff9                IOST     IOSTB
000003bb ffe9                IOSTR    IOSTB
000003bc ff3a                MOVAR    0x45
000003bd e73a                BSR      0x45, 0x1
000003be feba                MOVR     0x45, ToAcc
000003bf fff9                IOST     IOSTB
000003c0 ffea                IOSTR    IOSTA
000003c1 ff3a                MOVAR    0x45
000003c2 e6ba                BSR      0x45, 0x2
000003c3 feba                MOVR     0x45, ToAcc
000003c4 fffa                IOST     IOSTA
000003c5 ffea                IOSTR    IOSTA
000003c6 ff3a                MOVAR    0x45
000003c7 e5ba                BSR      0x45, 0x4
000003c8 feba                MOVR     0x45, ToAcc
000003c9 fffa                IOST     IOSTA
000003ca ffea                IOSTR    IOSTA
000003cb ff3a                MOVAR    0x45
000003cc e63a                BSR      0x45, 0x3
000003cd feba                MOVR     0x45, ToAcc
000003ce fffa                IOST     IOSTA
000003cf defb                MOVIA    0x4
000003d0 ff6a                MOVAR    AWUCON
000003d1 defe                MOVIA    0x1
000003d2 ff76                MOVAR    BWUCON
000003d3 defd                MOVIA    0x2
000003d4 ff71                MOVAR    INTE
000003d5 fd70                CLRR     INTF
000003d6 f7f9                BTRSS    PORTB, PB0
000003d7 c41e                LGOTO    0x3e1; main.o:_02442_DS_=0x3e1
000003d8 ffff                NOP
000003d9 ffff                NOP
000003da fe79                MOVR     PORTB, ToReg
000003db fe7a                MOVR     PORTA, ToReg
000003dc ffff                NOP
000003dd ffff                NOP
000003de fffe                SLEEP
000003df ffff                NOP
000003e0 ffff                NOP
main.o:_02442_DS_:
000003e1 de02                MOVIA    0xfd
000003e2 ff70                MOVAR    INTF
000003e3 deeb                MOVIA    0x14
000003e4 ff56                MOVAR    0x29
000003e5 defc                MOVIA    0x3
000003e6 ff54                MOVAR    0x2b
000003e7 de37                MOVIA    0xc8
000003e8 ff77                MOVAR    PCON
000003e9 ffe0                IOSTR    PCON1
000003ea ff3a                MOVAR    0x45
000003eb e7ba                BSR      0x45, 0x0
000003ec feba                MOVR     0x45, ToAcc
000003ed fff0                IOST     PCON1
000003ee defe                MOVIA    0x1
000003ef ff71                MOVAR    INTE
000003f0 fffb                ENI
000003f1 c493                LGOTO    0x36c; main.o:_02456_DS_=0x36c
main.o:_02444_DS_:
000003f2 fed6                MOVR     0x29, ToAcc
000003f3 ff3a                MOVAR    0x45
000003f4 f9ba                DECR     0x45, ToAcc
000003f5 ff56                MOVAR    0x29
000003f6 c493                LGOTO    0x36c; main.o:_02456_DS_=0x36c
000003f7 ffef                RET
_isr:
main.o:__sdcc_interrupt:
000003f8 ff02                MOVAR    0x7d
000003f9 eafc                SWAPR    STATUS, ToAcc
000003fa fd7c                CLRR     STATUS
000003fb ff01                MOVAR    0x7e
000003fc fef5                MOVR     PCHBUF, ToAcc
000003fd fd75                CLRR     PCHBUF
000003fe ff00                MOVAR    0x7f
000003ff fefb                MOVR     FSR, ToAcc
00000400 e0fc                BCR      STATUS, BK0
00000401 ff36                MOVAR    0x49
00000402 fe86                MOVR     0x79, ToAcc
00000403 ff35                MOVAR    0x4a
00000404 fe85                MOVR     0x7a, ToAcc
00000405 ff34                MOVAR    0x4b
00000406 f7f0                BTRSS    INTF, T0IF
00000407 c3ab                LGOTO    0x454; main.o:_02032_DS_=0x454
00000408 fa39                INCR     0x46, ToReg
00000409 f3b9                BTRSC    0x46, 0x0
0000040a c3ed                LGOTO    0x412; main.o:_02008_DS_=0x412
0000040b d7ec                LCALL    0x13; _io_led_scan=0x13
0000040c e0fc                BCR      STATUS, BK0
0000040d feb9                MOVR     0x46, ToAcc
0000040e f6fc                BTRSS    STATUS, Z
0000040f c3ee                LGOTO    0x411; main.o:_00014_DS_=0x411
00000410 e75b                BSR      0x24, 0x1
main.o:_00014_DS_:
00000411 e7db                BSR      0x24, 0x0
main.o:_02008_DS_:
00000412 f7da                BTRSS    0x25, 0x0
00000413 c3ab                LGOTO    0x454; main.o:_02032_DS_=0x454
00000414 fed3                MOVR     0x2c, ToAcc
00000415 ff4d                MOVAR    0x32
00000416 facd                INCR     0x32, ToAcc
00000417 ff53                MOVAR    0x2c
00000418 fed3                MOVR     0x2c, ToAcc
00000419 f6fc                BTRSS    STATUS, Z
0000041a c3c0                LGOTO    0x43f; main.o:_02019_DS_=0x43f
0000041b f75a                BTRSS    0x25, 0x1
0000041c c3d6                LGOTO    0x429; main.o:_02016_DS_=0x429
0000041d e838                DECRSZ   0x47, ToReg
0000041e c3ce                LGOTO    0x431; main.o:_02017_DS_=0x431
0000041f e35a                BCR      0x25, 0x1
00000420 fad9                INCR     0x26, ToAcc
00000421 ff4d                MOVAR    0x32
00000422 ff59                MOVAR    0x26
00000423 defc                MOVIA    0x3
00000424 fbcd                SUBAR    0x32, ToAcc
00000425 f7fc                BTRSS    STATUS, C
00000426 c3ce                LGOTO    0x431; main.o:_02017_DS_=0x431
00000427 fd59                CLRR     0x26
00000428 c3ce                LGOTO    0x431; main.o:_02017_DS_=0x431
main.o:_02016_DS_:
00000429 fa38                INCR     0x47, ToReg
0000042a deaf                MOVIA    0x50
0000042b fbb8                SUBAR    0x47, ToAcc
0000042c f7fc                BTRSS    STATUS, C
0000042d c3ce                LGOTO    0x431; main.o:_02017_DS_=0x431
0000042e deaf                MOVIA    0x50
0000042f ff38                MOVAR    0x47
00000430 e75a                BSR      0x25, 0x1
main.o:_02017_DS_:
00000431 feb8                MOVR     0x47, ToAcc
00000432 da33                ADDIA    0xcc
00000433 ff4d                MOVAR    0x32
00000434 defb                MOVIA    0x4
00000435 d9ff                ADCIA    0x0
00000436 ff4c                MOVAR    0x33
00000437 fecd                MOVR     0x32, ToAcc
00000438 ff05                MOVAR    0x7a
00000439 fecc                MOVR     0x33, ToAcc
0000043a ff06                MOVAR    0x79
0000043b de7f                MOVIA    0x80
0000043c d12a                LCALL    0x6d5; __gptrget=0x6d5
0000043d e0fc                BCR      STATUS, BK0
0000043e ff37                MOVAR    0x48
main.o:_02019_DS_:
0000043f feb7                MOVR     0x48, ToAcc
00000440 fbd3                SUBAR    0x2c, ToAcc
00000441 f7fc                BTRSS    STATUS, C
00000442 c3b8                LGOTO    0x447; main.o:_02027_DS_=0x447
00000443 e1f9                BCR      PORTB, PB4
00000444 e279                BCR      PORTB, PB3
00000445 e2f9                BCR      PORTB, PB2
00000446 c3ab                LGOTO    0x454; main.o:_02032_DS_=0x454
main.o:_02027_DS_:
00000447 fed9                MOVR     0x26, ToAcc
00000448 dbfe                XORIA    0x1
00000449 f6fc                BTRSS    STATUS, Z
0000044a c3b2                LGOTO    0x44d; main.o:_02024_DS_=0x44d
0000044b e6f9                BSR      PORTB, PB2
0000044c c3ab                LGOTO    0x454; main.o:_02032_DS_=0x454
main.o:_02024_DS_:
0000044d fed9                MOVR     0x26, ToAcc
0000044e dbfd                XORIA    0x2
0000044f f6fc                BTRSS    STATUS, Z
00000450 c3ac                LGOTO    0x453; main.o:_02021_DS_=0x453
00000451 e679                BSR      PORTB, PB3
00000452 c3ab                LGOTO    0x454; main.o:_02032_DS_=0x454
main.o:_02021_DS_:
00000453 e5f9                BSR      PORTB, PB4
main.o:_02032_DS_:
00000454 fd70                CLRR     INTF
00000455 feb4                MOVR     0x4b, ToAcc
00000456 ff05                MOVAR    0x7a
00000457 feb5                MOVR     0x4a, ToAcc
00000458 ff06                MOVAR    0x79
00000459 feb6                MOVR     0x49, ToAcc
0000045a ff7b                MOVAR    FSR
0000045b fe80                MOVR     0x7f, ToAcc
0000045c ff75                MOVAR    PCHBUF
0000045d fd7c                CLRR     STATUS
0000045e ea81                SWAPR    0x7e, ToAcc
0000045f ff7c                MOVAR    STATUS
00000460 ea02                SWAPR    0x7d, ToReg
00000461 ea82                SWAPR    0x7d, ToAcc
main.o:END_OF_INTERRUPT:
00000462 ffee                RETIE
_ip55xs_read4Bytes:
00000463 e0fc                BCR      STATUS, BK0
00000464 ff40                MOVAR    0x3f
00000465 fe86                MOVR     0x79, ToAcc
00000466 ff41                MOVAR    0x3e
00000467 ff3d                MOVAR    0x42
00000468 ff05                MOVAR    0x7a
00000469 deef                MOVIA    0x10
0000046a ff06                MOVAR    0x79
0000046b de15                MOVIA    0xea
0000046c d200                LCALL    0x5ff; _ip53xs_writeByte=0x5ff
0000046d e0fc                BCR      STATUS, BK0
0000046e fec0                MOVR     0x3f, ToAcc
0000046f ff3e                MOVAR    0x41
00000470 ff41                MOVAR    0x3e
00000471 ff05                MOVAR    0x7a
00000472 deee                MOVIA    0x11
00000473 ff06                MOVAR    0x79
00000474 de15                MOVIA    0xea
00000475 d200                LCALL    0x5ff; _ip53xs_writeByte=0x5ff
00000476 deee                MOVIA    0x11
00000477 ff05                MOVAR    0x7a
00000478 deed                MOVIA    0x12
00000479 ff06                MOVAR    0x79
0000047a de15                MOVIA    0xea
0000047b d200                LCALL    0x5ff; _ip53xs_writeByte=0x5ff
0000047c deee                MOVIA    0x11
0000047d ff05                MOVAR    0x7a
0000047e deec                MOVIA    0x13
0000047f ff06                MOVAR    0x79
00000480 de15                MOVIA    0xea
00000481 d200                LCALL    0x5ff; _ip53xs_writeByte=0x5ff
00000482 de9b                MOVIA    0x64
00000483 e0fc                BCR      STATUS, BK0
00000484 ff40                MOVAR    0x3f
main.o:_02313_DS_:
00000485 deff                MOVIA    0x0
00000486 ff06                MOVAR    0x79
00000487 de15                MOVIA    0xea
00000488 d261                LCALL    0x59e; _ip53xs_readByte=0x59e
00000489 e0fc                BCR      STATUS, BK0
0000048a ff3e                MOVAR    0x41
0000048b fec0                MOVR     0x3f, ToAcc
0000048c f6fc                BTRSS    STATUS, Z
0000048d c36f                LGOTO    0x490; main.o:_02311_DS_=0x490
0000048e deff                MOVIA    0x0
0000048f c334                LGOTO    0x4cb; main.o:_02316_DS_=0x4cb
main.o:_02311_DS_:
00000490 f940                DECR     0x3f, ToReg
00000491 febe                MOVR     0x41, ToAcc
00000492 db55                XORIA    0xaa
00000493 f6fc                BTRSS    STATUS, Z
00000494 c37a                LGOTO    0x485; main.o:_02313_DS_=0x485
00000495 def3                MOVIA    0xc
00000496 ff06                MOVAR    0x79
00000497 de15                MOVIA    0xea
00000498 d261                LCALL    0x59e; _ip53xs_readByte=0x59e
00000499 e0fc                BCR      STATUS, BK0
0000049a ff40                MOVAR    0x3f
0000049b ff5f                MOVAR    0x20
0000049c def2                MOVIA    0xd
0000049d ff06                MOVAR    0x79
0000049e de15                MOVIA    0xea
0000049f d261                LCALL    0x59e; _ip53xs_readByte=0x59e
000004a0 e0fc                BCR      STATUS, BK0
000004a1 ff40                MOVAR    0x3f
000004a2 ff5e                MOVAR    0x21
000004a3 def1                MOVIA    0xe
000004a4 ff06                MOVAR    0x79
000004a5 de15                MOVIA    0xea
000004a6 d261                LCALL    0x59e; _ip53xs_readByte=0x59e
000004a7 e0fc                BCR      STATUS, BK0
000004a8 ff40                MOVAR    0x3f
000004a9 ff5d                MOVAR    0x22
000004aa def0                MOVIA    0xf
000004ab ff06                MOVAR    0x79
000004ac de15                MOVIA    0xea
000004ad d261                LCALL    0x59e; _ip53xs_readByte=0x59e
000004ae e0fc                BCR      STATUS, BK0
000004af ff40                MOVAR    0x3f
000004b0 ff5c                MOVAR    0x23
000004b1 febd                MOVR     0x42, ToAcc
000004b2 ff05                MOVAR    0x7a
000004b3 deef                MOVIA    0x10
000004b4 ff06                MOVAR    0x79
000004b5 de15                MOVIA    0xea
000004b6 d200                LCALL    0x5ff; _ip53xs_writeByte=0x5ff
000004b7 e0fc                BCR      STATUS, BK0
000004b8 fec1                MOVR     0x3e, ToAcc
000004b9 ff05                MOVAR    0x7a
000004ba deee                MOVIA    0x11
000004bb ff06                MOVAR    0x79
000004bc de15                MOVIA    0xea
000004bd d200                LCALL    0x5ff; _ip53xs_writeByte=0x5ff
000004be dedd                MOVIA    0x22
000004bf ff05                MOVAR    0x7a
000004c0 deed                MOVIA    0x12
000004c1 ff06                MOVAR    0x79
000004c2 de15                MOVIA    0xea
000004c3 d200                LCALL    0x5ff; _ip53xs_writeByte=0x5ff
000004c4 dedd                MOVIA    0x22
000004c5 ff05                MOVAR    0x7a
000004c6 deec                MOVIA    0x13
000004c7 ff06                MOVAR    0x79
000004c8 de15                MOVIA    0xea
000004c9 d200                LCALL    0x5ff; _ip53xs_writeByte=0x5ff
000004ca defe                MOVIA    0x1
main.o:_02316_DS_:
000004cb ffef                RET
_RESPIRATION_LAMP_TABLE:
000004cc dffe                RETIA    0x1
000004cd dffe                RETIA    0x1
000004ce dffe                RETIA    0x1
000004cf dffe                RETIA    0x1
000004d0 dffe                RETIA    0x1
000004d1 dffd                RETIA    0x2
000004d2 dffd                RETIA    0x2
000004d3 dffd                RETIA    0x2
000004d4 dffd                RETIA    0x2
000004d5 dffd                RETIA    0x2
000004d6 dffd                RETIA    0x2
000004d7 dffd                RETIA    0x2
000004d8 dffd                RETIA    0x2
000004d9 dffc                RETIA    0x3
000004da dffc                RETIA    0x3
000004db dffc                RETIA    0x3
000004dc dffc                RETIA    0x3
000004dd dffc                RETIA    0x3
000004de dffb                RETIA    0x4
000004df dffb                RETIA    0x4
000004e0 dffb                RETIA    0x4
000004e1 dffa                RETIA    0x5
000004e2 dffa                RETIA    0x5
000004e3 dffa                RETIA    0x5
000004e4 dff9                RETIA    0x6
000004e5 dff9                RETIA    0x6
000004e6 dff9                RETIA    0x6
000004e7 dff8                RETIA    0x7
000004e8 dff8                RETIA    0x7
000004e9 dff7                RETIA    0x8
000004ea dff6                RETIA    0x9
000004eb dff6                RETIA    0x9
000004ec dff5                RETIA    0xa
000004ed dff4                RETIA    0xb
000004ee dff4                RETIA    0xb
000004ef dff3                RETIA    0xc
000004f0 dff2                RETIA    0xd
000004f1 dff1                RETIA    0xe
000004f2 dff0                RETIA    0xf
000004f3 dfef                RETIA    0x10
000004f4 dfee                RETIA    0x11
000004f5 dfed                RETIA    0x12
000004f6 dfeb                RETIA    0x14
000004f7 dfea                RETIA    0x15
000004f8 dfe8                RETIA    0x17
000004f9 dfe7                RETIA    0x18
000004fa dfe5                RETIA    0x1a
000004fb dfe3                RETIA    0x1c
000004fc dfe1                RETIA    0x1e
000004fd dfdf                RETIA    0x20
000004fe dfdd                RETIA    0x22
000004ff dfda                RETIA    0x25
00000500 dfd8                RETIA    0x27
00000501 dfd5                RETIA    0x2a
00000502 dfd2                RETIA    0x2d
00000503 dfcf                RETIA    0x30
00000504 dfcb                RETIA    0x34
00000505 dfc7                RETIA    0x38
00000506 dfc3                RETIA    0x3c
00000507 dfbf                RETIA    0x40
00000508 dfbb                RETIA    0x44
00000509 dfb6                RETIA    0x49
0000050a dfb0                RETIA    0x4f
0000050b dfab                RETIA    0x54
0000050c dfa5                RETIA    0x5a
0000050d df9e                RETIA    0x61
0000050e df97                RETIA    0x68
0000050f df90                RETIA    0x6f
00000510 df88                RETIA    0x77
00000511 df7f                RETIA    0x80
00000512 df76                RETIA    0x89
00000513 df6c                RETIA    0x93
00000514 df62                RETIA    0x9d
00000515 df57                RETIA    0xa8
00000516 df4b                RETIA    0xb4
00000517 df3e                RETIA    0xc1
00000518 df30                RETIA    0xcf
00000519 df21                RETIA    0xde
0000051a df11                RETIA    0xee
0000051b df00                RETIA    0xff
0000051c df00                RETIA    0xff
_is_chg_or_dischg:
0000051d de6f                MOVIA    0x90
0000051e ff06                MOVAR    0x79
0000051f deef                MOVIA    0x10
00000520 d39c                LCALL    0x463; _ip55xs_read4Bytes=0x463
00000521 e0fc                BCR      STATUS, BK0
00000522 e1db                BCR      0x24, 0x4
00000523 f55a                BTRSS    0x25, 0x5
00000524 c2bd                LGOTO    0x542; main.o:_02363_DS_=0x542
00000525 defc                MOVIA    0x3
00000526 ff56                MOVAR    0x29
00000527 fedd                MOVR     0x22, ToAcc
00000528 ff3b                MOVAR    0x44
00000529 f63b                BTRSS    0x44, 0x3
0000052a c2c6                LGOTO    0x539; main.o:_02348_DS_=0x539
0000052b fede                MOVR     0x21, ToAcc
0000052c ff3b                MOVAR    0x44
0000052d f23b                BTRSC    0x44, 0x3
0000052e c2c6                LGOTO    0x539; main.o:_02348_DS_=0x539
0000052f e0da                BCR      0x25, 0x6
00000530 fa31                INCR     0x4e, ToReg
00000531 def9                MOVIA    0x6
00000532 fbb1                SUBAR    0x4e, ToAcc
00000533 f7fc                BTRSS    STATUS, C
00000534 c29c                LGOTO    0x563; main.o:_02365_DS_=0x563
00000535 fd31                CLRR     0x4e
00000536 e15a                BCR      0x25, 0x5
00000537 d7fe                LCALL    0x1; _disable_breathing_mode=0x1
00000538 c29c                LGOTO    0x563; main.o:_02365_DS_=0x563
main.o:_02348_DS_:
00000539 e0fc                BCR      STATUS, BK0
0000053a fd31                CLRR     0x4e
0000053b fede                MOVR     0x21, ToAcc
0000053c ff3b                MOVAR    0x44
0000053d f43b                BTRSS    0x44, 0x7
0000053e c2bf                LGOTO    0x540; main.o:_00006_DS_=0x540
0000053f e5db                BSR      0x24, 0x4
main.o:_00006_DS_:
00000540 e4da                BSR      0x25, 0x6
00000541 c29c                LGOTO    0x563; main.o:_02365_DS_=0x563
main.o:_02363_DS_:
00000542 fede                MOVR     0x21, ToAcc
00000543 ff3b                MOVAR    0x44
00000544 f63b                BTRSS    0x44, 0x3
00000545 c2a9                LGOTO    0x556; main.o:_02360_DS_=0x556
00000546 e4da                BSR      0x25, 0x6
00000547 fa31                INCR     0x4e, ToReg
00000548 defc                MOVIA    0x3
00000549 fbb1                SUBAR    0x4e, ToAcc
0000054a f7fc                BTRSS    STATUS, C
0000054b c29c                LGOTO    0x563; main.o:_02365_DS_=0x563
0000054c fd31                CLRR     0x4e
0000054d e55a                BSR      0x25, 0x5
0000054e de9b                MOVIA    0x64
0000054f fbd1                SUBAR    0x2e, ToAcc
00000550 f7fc                BTRSS    STATUS, C
00000551 d0e6                LCALL    0x719; _enable_breathing_mode=0x719
00000552 def9                MOVIA    0x6
00000553 e0fc                BCR      STATUS, BK0
00000554 ff52                MOVAR    0x2d
00000555 c29c                LGOTO    0x563; main.o:_02365_DS_=0x563
main.o:_02360_DS_:
00000556 fd31                CLRR     0x4e
00000557 e0da                BCR      0x25, 0x6
00000558 fedc                MOVR     0x23, ToAcc
00000559 ff3b                MOVAR    0x44
0000055a f63b                BTRSS    0x44, 0x3
0000055b c2a2                LGOTO    0x55d; main.o:_00007_DS_=0x55d
0000055c e5db                BSR      0x24, 0x4
main.o:_00007_DS_:
0000055d fedd                MOVR     0x22, ToAcc
0000055e ff3b                MOVAR    0x44
0000055f f63b                BTRSS    0x44, 0x3
00000560 c29c                LGOTO    0x563; main.o:_02365_DS_=0x563
00000561 def5                MOVIA    0xa
00000562 ff57                MOVAR    0x28
main.o:_02365_DS_:
00000563 ffef                RET
_get_p_ext_int_status:
00000564 e0fc                BCR      STATUS, BK0
00000565 f65a                BTRSS    0x25, 0x3
00000566 c289                LGOTO    0x576; main.o:_02336_DS_=0x576
00000567 f2fa                BTRSC    PORTA, PA2
00000568 c28b                LGOTO    0x574; main.o:_02328_DS_=0x574
00000569 fa32                INCR     0x4d, ToReg
0000056a defb                MOVIA    0x4
0000056b fbb2                SUBAR    0x4d, ToAcc
0000056c f7fc                BTRSS    STATUS, C
0000056d c262                LGOTO    0x59d; main.o:_02338_DS_=0x59d
0000056e fd32                CLRR     0x4d
0000056f e25a                BCR      0x25, 0x3
00000570 e15a                BCR      0x25, 0x5
00000571 defe                MOVIA    0x1
00000572 ff56                MOVAR    0x29
00000573 c262                LGOTO    0x59d; main.o:_02338_DS_=0x59d
main.o:_02328_DS_:
00000574 fd32                CLRR     0x4d
00000575 c262                LGOTO    0x59d; main.o:_02338_DS_=0x59d
main.o:_02336_DS_:
00000576 f6fa                BTRSS    PORTA, PA2
00000577 c263                LGOTO    0x59c; main.o:_02333_DS_=0x59c
00000578 fa32                INCR     0x4d, ToReg
00000579 deef                MOVIA    0x10
0000057a fbb2                SUBAR    0x4d, ToAcc
0000057b f7fc                BTRSS    STATUS, C
0000057c c262                LGOTO    0x59d; main.o:_02338_DS_=0x59d
0000057d fd32                CLRR     0x4d
0000057e e65a                BSR      0x25, 0x3
0000057f de3f                MOVIA    0xc0
00000580 ff06                MOVAR    0x79
00000581 deff                MOVIA    0x0
00000582 d39c                LCALL    0x463; _ip55xs_read4Bytes=0x463
00000583 e0fc                BCR      STATUS, BK0
00000584 fedc                MOVR     0x23, ToAcc
00000585 ff3c                MOVAR    0x43
00000586 e2bc                BCR      0x43, 0x2
00000587 febc                MOVR     0x43, ToAcc
00000588 ff5c                MOVAR    0x23
00000589 fedc                MOVR     0x23, ToAcc
0000058a ff3c                MOVAR    0x43
0000058b e3bc                BCR      0x43, 0x0
0000058c febc                MOVR     0x43, ToAcc
0000058d ff5c                MOVAR    0x23
0000058e dedf                MOVIA    0x20
0000058f ff3c                MOVAR    0x43
00000590 ff03                MOVAR    0x7c
00000591 deff                MOVIA    0x0
00000592 ff04                MOVAR    0x7b
00000593 ff05                MOVAR    0x7a
00000594 de3f                MOVIA    0xc0
00000595 ff06                MOVAR    0x79
00000596 deff                MOVIA    0x0
00000597 d588                LCALL    0x277; _ip55xs_write4Bytes=0x277
00000598 deeb                MOVIA    0x14
00000599 e0fc                BCR      STATUS, BK0
0000059a ff56                MOVAR    0x29
0000059b c262                LGOTO    0x59d; main.o:_02338_DS_=0x59d
main.o:_02333_DS_:
0000059c fd32                CLRR     0x4d
main.o:_02338_DS_:
0000059d ffef                RET
_ip53xs_readByte:
0000059e e0fc                BCR      STATUS, BK0
0000059f ff45                MOVAR    0x3a
000005a0 fe86                MOVR     0x79, ToAcc
000005a1 ff44                MOVAR    0x3b
000005a2 fd43                CLRR     0x3c
000005a3 f6fa                BTRSS    PORTA, PA2
000005a4 c231                LGOTO    0x5ce; main.o:_02281_DS_=0x5ce
000005a5 d13e                LCALL    0x6c1; _i2c_start=0x6c1
000005a6 e0fc                BCR      STATUS, BK0
000005a7 fec5                MOVR     0x3a, ToAcc
000005a8 d1ae                LCALL    0x651; _i2c_writeByte=0x651
000005a9 e0fc                BCR      STATUS, BK0
000005aa ff42                MOVAR    0x3d
000005ab fec2                MOVR     0x3d, ToAcc
000005ac f2fc                BTRSC    STATUS, Z
000005ad c24e                LGOTO    0x5b1; main.o:_02275_DS_=0x5b1
000005ae d0ff                LCALL    0x700; _i2c_stop=0x700
000005af deff                MOVIA    0x0
000005b0 c22f                LGOTO    0x5d0; main.o:_02282_DS_=0x5d0
main.o:_02275_DS_:
000005b1 e0fc                BCR      STATUS, BK0
000005b2 fec4                MOVR     0x3b, ToAcc
000005b3 d1ae                LCALL    0x651; _i2c_writeByte=0x651
000005b4 e0fc                BCR      STATUS, BK0
000005b5 ff44                MOVAR    0x3b
000005b6 fec4                MOVR     0x3b, ToAcc
000005b7 f2fc                BTRSC    STATUS, Z
000005b8 c243                LGOTO    0x5bc; main.o:_02277_DS_=0x5bc
000005b9 d0ff                LCALL    0x700; _i2c_stop=0x700
000005ba deff                MOVIA    0x0
000005bb c22f                LGOTO    0x5d0; main.o:_02282_DS_=0x5d0
main.o:_02277_DS_:
000005bc d13e                LCALL    0x6c1; _i2c_start=0x6c1
000005bd e0fc                BCR      STATUS, BK0
000005be e7c5                BSR      0x3a, 0x0
000005bf fec5                MOVR     0x3a, ToAcc
000005c0 d1ae                LCALL    0x651; _i2c_writeByte=0x651
000005c1 e0fc                BCR      STATUS, BK0
000005c2 ff45                MOVAR    0x3a
000005c3 fec5                MOVR     0x3a, ToAcc
000005c4 f2fc                BTRSC    STATUS, Z
000005c5 c236                LGOTO    0x5c9; main.o:_02279_DS_=0x5c9
000005c6 d0ff                LCALL    0x700; _i2c_stop=0x700
000005c7 deff                MOVIA    0x0
000005c8 c22f                LGOTO    0x5d0; main.o:_02282_DS_=0x5d0
main.o:_02279_DS_:
000005c9 d1d3                LCALL    0x62c; _i2c_readByte=0x62c
000005ca e0fc                BCR      STATUS, BK0
000005cb ff43                MOVAR    0x3c
000005cc d109                LCALL    0x6f6; _i2c_send_nack=0x6f6
000005cd d0ff                LCALL    0x700; _i2c_stop=0x700
main.o:_02281_DS_:
000005ce e0fc                BCR      STATUS, BK0
000005cf fec3                MOVR     0x3c, ToAcc
main.o:_02282_DS_:
000005d0 ffef                RET
_gpioKeyScan:
000005d1 e0fc                BCR      STATUS, BK0
000005d2 f6da                BTRSS    0x25, 0x2
000005d3 c219                LGOTO    0x5e6; main.o:_02209_DS_=0x5e6
000005d4 f7f9                BTRSS    PORTB, PB0
000005d5 c21b                LGOTO    0x5e4; main.o:_02201_DS_=0x5e4
000005d6 fa33                INCR     0x4c, ToReg
000005d7 defc                MOVIA    0x3
000005d8 fbb3                SUBAR    0x4c, ToAcc
000005d9 f7fc                BTRSS    STATUS, C
000005da c201                LGOTO    0x5fe; main.o:_02211_DS_=0x5fe
000005db fd33                CLRR     0x4c
000005dc e779                BSR      PORTB, PB1
000005dd e2da                BCR      0x25, 0x2
000005de ffe9                IOSTR    IOSTB
000005df ff4b                MOVAR    0x34
000005e0 e74b                BSR      0x34, 0x1
000005e1 fecb                MOVR     0x34, ToAcc
000005e2 fff9                IOST     IOSTB
000005e3 c201                LGOTO    0x5fe; main.o:_02211_DS_=0x5fe
main.o:_02201_DS_:
000005e4 fd33                CLRR     0x4c
000005e5 c201                LGOTO    0x5fe; main.o:_02211_DS_=0x5fe
main.o:_02209_DS_:
000005e6 f3f9                BTRSC    PORTB, PB0
000005e7 c207                LGOTO    0x5f8; main.o:_02206_DS_=0x5f8
000005e8 fa33                INCR     0x4c, ToReg
000005e9 defc                MOVIA    0x3
000005ea fbb3                SUBAR    0x4c, ToAcc
000005eb f7fc                BTRSS    STATUS, C
000005ec c201                LGOTO    0x5fe; main.o:_02211_DS_=0x5fe
000005ed fd33                CLRR     0x4c
000005ee e6da                BSR      0x25, 0x2
000005ef e379                BCR      PORTB, PB1
000005f0 ffe9                IOSTR    IOSTB
000005f1 ff4b                MOVAR    0x34
000005f2 e34b                BCR      0x34, 0x1
000005f3 fecb                MOVR     0x34, ToAcc
000005f4 fff9                IOST     IOSTB
000005f5 def5                MOVIA    0xa
000005f6 ff54                MOVAR    0x2b
000005f7 c201                LGOTO    0x5fe; main.o:_02211_DS_=0x5fe
main.o:_02206_DS_:
000005f8 fd33                CLRR     0x4c
000005f9 ffe9                IOSTR    IOSTB
000005fa ff4b                MOVAR    0x34
000005fb e74b                BSR      0x34, 0x1
000005fc fecb                MOVR     0x34, ToAcc
000005fd fff9                IOST     IOSTB
main.o:_02211_DS_:
000005fe ffef                RET
_ip53xs_writeByte:
000005ff e0fc                BCR      STATUS, BK0
00000600 ff45                MOVAR    0x3a
00000601 fe86                MOVR     0x79, ToAcc
00000602 ff44                MOVAR    0x3b
00000603 fe85                MOVR     0x7a, ToAcc
00000604 ff43                MOVAR    0x3c
00000605 f6fa                BTRSS    PORTA, PA2
00000606 c1d5                LGOTO    0x62a; main.o:_02268_DS_=0x62a
00000607 d13e                LCALL    0x6c1; _i2c_start=0x6c1
00000608 e0fc                BCR      STATUS, BK0
00000609 fec5                MOVR     0x3a, ToAcc
0000060a d1ae                LCALL    0x651; _i2c_writeByte=0x651
0000060b e0fc                BCR      STATUS, BK0
0000060c ff45                MOVAR    0x3a
0000060d fec5                MOVR     0x3a, ToAcc
0000060e f2fc                BTRSC    STATUS, Z
0000060f c1ec                LGOTO    0x613; main.o:_02262_DS_=0x613
00000610 d0ff                LCALL    0x700; _i2c_stop=0x700
00000611 deff                MOVIA    0x0
00000612 c1d4                LGOTO    0x62b; main.o:_02269_DS_=0x62b
main.o:_02262_DS_:
00000613 e0fc                BCR      STATUS, BK0
00000614 fec4                MOVR     0x3b, ToAcc
00000615 d1ae                LCALL    0x651; _i2c_writeByte=0x651
00000616 e0fc                BCR      STATUS, BK0
00000617 ff45                MOVAR    0x3a
00000618 fec5                MOVR     0x3a, ToAcc
00000619 f2fc                BTRSC    STATUS, Z
0000061a c1e1                LGOTO    0x61e; main.o:_02264_DS_=0x61e
0000061b d0ff                LCALL    0x700; _i2c_stop=0x700
0000061c deff                MOVIA    0x0
0000061d c1d4                LGOTO    0x62b; main.o:_02269_DS_=0x62b
main.o:_02264_DS_:
0000061e e0fc                BCR      STATUS, BK0
0000061f fec3                MOVR     0x3c, ToAcc
00000620 d1ae                LCALL    0x651; _i2c_writeByte=0x651
00000621 e0fc                BCR      STATUS, BK0
00000622 ff45                MOVAR    0x3a
00000623 fec5                MOVR     0x3a, ToAcc
00000624 f2fc                BTRSC    STATUS, Z
00000625 c1d6                LGOTO    0x629; main.o:_02266_DS_=0x629
00000626 d0ff                LCALL    0x700; _i2c_stop=0x700
00000627 deff                MOVIA    0x0
00000628 c1d4                LGOTO    0x62b; main.o:_02269_DS_=0x62b
main.o:_02266_DS_:
00000629 d0ff                LCALL    0x700; _i2c_stop=0x700
main.o:_02268_DS_:
0000062a defe                MOVIA    0x1
main.o:_02269_DS_:
0000062b ffef                RET
_i2c_readByte:
0000062c e0fc                BCR      STATUS, BK0
0000062d fd49                CLRR     0x36
0000062e e1fa                BCR      PORTA, PA4
0000062f ffea                IOSTR    IOSTA
00000630 ff48                MOVAR    0x37
00000631 e648                BSR      0x37, 0x3
00000632 fec8                MOVR     0x37, ToAcc
00000633 fffa                IOST     IOSTA
00000634 def7                MOVIA    0x8
00000635 ff48                MOVAR    0x37
main.o:_02254_DS_:
00000636 e0fc                BCR      STATUS, BK0
00000637 fec8                MOVR     0x37, ToAcc
00000638 ff47                MOVAR    0x38
00000639 f948                DECR     0x37, ToReg
0000063a fec7                MOVR     0x38, ToAcc
0000063b f2fc                BTRSC    STATUS, Z
0000063c c1b6                LGOTO    0x649; main.o:_02256_DS_=0x649
0000063d e5fa                BSR      PORTA, PA4
0000063e deff                MOVIA    0x0
0000063f d0ee                LCALL    0x711; __dly_us=0x711
00000640 e3fc                BCR      STATUS, C
00000641 e0fc                BCR      STATUS, BK0
00000642 eb49                RLR      0x36, ToReg
00000643 f27a                BTRSC    PORTA, PA3
00000644 e7c9                BSR      0x36, 0x0
00000645 e1fa                BCR      PORTA, PA4
00000646 deff                MOVIA    0x0
00000647 d0ee                LCALL    0x711; __dly_us=0x711
00000648 c1c9                LGOTO    0x636; main.o:_02254_DS_=0x636
main.o:_02256_DS_:
00000649 ffea                IOSTR    IOSTA
0000064a e0fc                BCR      STATUS, BK0
0000064b ff48                MOVAR    0x37
0000064c e248                BCR      0x37, 0x3
0000064d fec8                MOVR     0x37, ToAcc
0000064e fffa                IOST     IOSTA
0000064f fec9                MOVR     0x36, ToAcc
00000650 ffef                RET
_i2c_writeByte:
00000651 e0fc                BCR      STATUS, BK0
00000652 ff48                MOVAR    0x37
00000653 def7                MOVIA    0x8
00000654 ff47                MOVAR    0x38
main.o:_02245_DS_:
00000655 e0fc                BCR      STATUS, BK0
00000656 fec7                MOVR     0x38, ToAcc
00000657 ff46                MOVAR    0x39
00000658 f947                DECR     0x38, ToReg
00000659 fec6                MOVR     0x39, ToAcc
0000065a f2fc                BTRSC    STATUS, Z
0000065b c193                LGOTO    0x66c; main.o:_02247_DS_=0x66c
0000065c e1fa                BCR      PORTA, PA4
0000065d deff                MOVIA    0x0
0000065e d0ee                LCALL    0x711; __dly_us=0x711
0000065f e0fc                BCR      STATUS, BK0
00000660 f448                BTRSS    0x37, 0x7
00000661 c19b                LGOTO    0x664; main.o:_02243_DS_=0x664
00000662 e67a                BSR      PORTA, PA3
00000663 c19a                LGOTO    0x665; main.o:_02244_DS_=0x665
main.o:_02243_DS_:
00000664 e27a                BCR      PORTA, PA3
main.o:_02244_DS_:
00000665 e3fc                BCR      STATUS, C
00000666 eb48                RLR      0x37, ToReg
00000667 e5fa                BSR      PORTA, PA4
00000668 deff                MOVIA    0x0
00000669 d0ee                LCALL    0x711; __dly_us=0x711
0000066a ffff                NOP
0000066b c1aa                LGOTO    0x655; main.o:_02245_DS_=0x655
main.o:_02247_DS_:
0000066c d18f                LCALL    0x670; _i2c_chk_ack=0x670
0000066d e0fc                BCR      STATUS, BK0
0000066e ff48                MOVAR    0x37
0000066f ffef                RET
_i2c_chk_ack:
00000670 e1fa                BCR      PORTA, PA4
00000671 ffea                IOSTR    IOSTA
00000672 e0fc                BCR      STATUS, BK0
00000673 ff49                MOVAR    0x36
00000674 e649                BSR      0x36, 0x3
00000675 fec9                MOVR     0x36, ToAcc
00000676 fffa                IOST     IOSTA
00000677 deff                MOVIA    0x0
00000678 d0ee                LCALL    0x711; __dly_us=0x711
00000679 e5fa                BSR      PORTA, PA4
0000067a deff                MOVIA    0x0
0000067b d0ee                LCALL    0x711; __dly_us=0x711
0000067c de05                MOVIA    0xfa
0000067d e0fc                BCR      STATUS, BK0
0000067e ff49                MOVAR    0x36
main.o:_02226_DS_:
0000067f f67a                BTRSS    PORTA, PA3
00000680 c17a                LGOTO    0x685; main.o:_02228_DS_=0x685
00000681 e849                DECRSZ   0x36, ToReg
00000682 c180                LGOTO    0x67f; main.o:_02226_DS_=0x67f
00000683 defe                MOVIA    0x1
00000684 c173                LGOTO    0x68c; main.o:_02229_DS_=0x68c
main.o:_02228_DS_:
00000685 e1fa                BCR      PORTA, PA4
00000686 ffea                IOSTR    IOSTA
00000687 ff49                MOVAR    0x36
00000688 e249                BCR      0x36, 0x3
00000689 fec9                MOVR     0x36, ToAcc
0000068a fffa                IOST     IOSTA
0000068b deff                MOVIA    0x0
main.o:_02229_DS_:
0000068c ffef                RET
__divuchar:
0000068d ff05                MOVAR    0x7a
0000068e fd04                CLRR     0x7b
0000068f fe86                MOVR     0x79, ToAcc
00000690 f2fc                BTRSC    STATUS, Z
00000691 c165                LGOTO    0x69a; _divuchar.o:divide_by_zero=0x69a
00000692 fd03                CLRR     0x7c
00000693 fa03                INCR     0x7c, ToReg
00000694 e3fc                BCR      STATUS, C
_divuchar.o:loop1:
00000695 f006                BTRSC    0x79, 0x7
00000696 c163                LGOTO    0x69c; _divuchar.o:loop2=0x69c
00000697 eb06                RLR      0x79, ToReg
00000698 eb03                RLR      0x7c, ToReg
00000699 c16a                LGOTO    0x695; _divuchar.o:loop1=0x695
_divuchar.o:divide_by_zero:
0000069a de00                MOVIA    0xff
0000069b c157                LGOTO    0x6a8; _divuchar.o:return=0x6a8
_divuchar.o:loop2:
0000069c fe86                MOVR     0x79, ToAcc
0000069d fb85                SUBAR    0x7a, ToAcc
0000069e f7fc                BTRSS    STATUS, C
0000069f c15c                LGOTO    0x6a3; _divuchar.o:skip_add=0x6a3
000006a0 ff05                MOVAR    0x7a
000006a1 fe83                MOVR     0x7c, ToAcc
000006a2 fc04                ADDAR    0x7b, ToReg
_divuchar.o:skip_add:
000006a3 ec06                RRR      0x79, ToReg
000006a4 ec03                RRR      0x7c, ToReg
000006a5 f7fc                BTRSS    STATUS, C
000006a6 c163                LGOTO    0x69c; _divuchar.o:loop2=0x69c
000006a7 fe84                MOVR     0x7b, ToAcc
_divuchar.o:return:
000006a8 ffef                RET
__moduchar:
000006a9 ff05                MOVAR    0x7a
000006aa fd04                CLRR     0x7b
000006ab fa04                INCR     0x7b, ToReg
000006ac fe86                MOVR     0x79, ToAcc
000006ad f2fc                BTRSC    STATUS, Z
000006ae c14a                LGOTO    0x6b5; _moduchar.o:divide_by_zero=0x6b5
000006af e3fc                BCR      STATUS, C
_moduchar.o:loop1:
000006b0 f006                BTRSC    0x79, 0x7
000006b1 c148                LGOTO    0x6b7; _moduchar.o:loop2=0x6b7
000006b2 eb06                RLR      0x79, ToReg
000006b3 fa04                INCR     0x7b, ToReg
000006b4 c14f                LGOTO    0x6b0; _moduchar.o:loop1=0x6b0
_moduchar.o:divide_by_zero:
000006b5 de00                MOVIA    0xff
000006b6 c13f                LGOTO    0x6c0; _moduchar.o:return=0x6c0
_moduchar.o:loop2:
000006b7 fe86                MOVR     0x79, ToAcc
000006b8 fb85                SUBAR    0x7a, ToAcc
000006b9 f3fc                BTRSC    STATUS, C
000006ba ff05                MOVAR    0x7a
000006bb e3fc                BCR      STATUS, C
000006bc ec06                RRR      0x79, ToReg
000006bd e804                DECRSZ   0x7b, ToReg
000006be c148                LGOTO    0x6b7; _moduchar.o:loop2=0x6b7
000006bf fe85                MOVR     0x7a, ToAcc
_moduchar.o:return:
000006c0 ffef                RET
_i2c_start:
000006c1 e67a                BSR      PORTA, PA3
000006c2 e5fa                BSR      PORTA, PA4
000006c3 ffea                IOSTR    IOSTA
000006c4 e0fc                BCR      STATUS, BK0
000006c5 ff49                MOVAR    0x36
000006c6 e249                BCR      0x36, 0x3
000006c7 fec9                MOVR     0x36, ToAcc
000006c8 fffa                IOST     IOSTA
000006c9 ffea                IOSTR    IOSTA
000006ca ff49                MOVAR    0x36
000006cb e1c9                BCR      0x36, 0x4
000006cc fec9                MOVR     0x36, ToAcc
000006cd fffa                IOST     IOSTA
000006ce def5                MOVIA    0xa
000006cf d0ee                LCALL    0x711; __dly_us=0x711
000006d0 e27a                BCR      PORTA, PA3
000006d1 def5                MOVIA    0xa
000006d2 d0ee                LCALL    0x711; __dly_us=0x711
000006d3 e1fa                BCR      PORTA, PA4
000006d4 ffef                RET
__gptrget:
__gptrget1:
000006d5 dbff                XORIA    0x0
000006d6 f2fc                BTRSC    STATUS, Z
000006d7 c123                LGOTO    0x6dc; _gptrget1.o:__dataptrget1=0x6dc
000006d8 db7f                XORIA    0x80
000006d9 f2fc                BTRSC    STATUS, Z
000006da c11c                LGOTO    0x6e3; __codeptrget1=0x6e3
000006db dfff                RETIA    0x0
_gptrget1.o:__dataptrget1:
000006dc fe85                MOVR     0x7a, ToAcc
000006dd ff7b                MOVAR    FSR
000006de e0fc                BCR      STATUS, BK0
000006df f005                BTRSC    0x7a, 0x7
000006e0 e4fc                BSR      STATUS, BK0
000006e1 feff                MOVR     INDF, ToAcc
000006e2 ffef                RET
__codeptrget1:
000006e3 fe86                MOVR     0x79, ToAcc
000006e4 ffb8                SFUN     TBHP
000006e5 fe85                MOVR     0x7a, ToAcc
000006e6 fdee                TABLEA
000006e7 ffef                RET
_DispTable:
000006e8 dfc0                RETIA    0x3f
000006e9 dff9                RETIA    0x6
000006ea dfa4                RETIA    0x5b
000006eb dfb0                RETIA    0x4f
000006ec df99                RETIA    0x66
000006ed df92                RETIA    0x6d
000006ee df82                RETIA    0x7d
000006ef dff8                RETIA    0x7
000006f0 df80                RETIA    0x7f
000006f1 df90                RETIA    0x6f
000006f2 df86                RETIA    0x79
000006f3 dfaf                RETIA    0x50
000006f4 df89                RETIA    0x76
000006f5 dfff                RETIA    0x0
_i2c_send_nack:
000006f6 e1fa                BCR      PORTA, PA4
000006f7 e67a                BSR      PORTA, PA3
000006f8 def5                MOVIA    0xa
000006f9 d0ee                LCALL    0x711; __dly_us=0x711
000006fa e5fa                BSR      PORTA, PA4
000006fb def5                MOVIA    0xa
000006fc d0ee                LCALL    0x711; __dly_us=0x711
000006fd e1fa                BCR      PORTA, PA4
000006fe e27a                BCR      PORTA, PA3
000006ff ffef                RET
_i2c_stop:
00000700 e1fa                BCR      PORTA, PA4
00000701 e27a                BCR      PORTA, PA3
00000702 def5                MOVIA    0xa
00000703 d0ee                LCALL    0x711; __dly_us=0x711
00000704 e5fa                BSR      PORTA, PA4
00000705 def5                MOVIA    0xa
00000706 d0ee                LCALL    0x711; __dly_us=0x711
00000707 e67a                BSR      PORTA, PA3
00000708 ffef                RET
_get_cap:
00000709 de3f                MOVIA    0xc0
0000070a ff06                MOVAR    0x79
0000070b deef                MOVIA    0x10
0000070c d39c                LCALL    0x463; _ip55xs_read4Bytes=0x463
0000070d e0fc                BCR      STATUS, BK0
0000070e fedf                MOVR     0x20, ToAcc
0000070f ff51                MOVAR    0x2e
00000710 ffef                RET
__dly_us:
00000711 e0fc                BCR      STATUS, BK0
00000712 ff4b                MOVAR    0x34
main.o:_02045_DS_:
00000713 fecb                MOVR     0x34, ToAcc
00000714 f2fc                BTRSC    STATUS, Z
00000715 c0e7                LGOTO    0x718; main.o:_02048_DS_=0x718
00000716 f94b                DECR     0x34, ToReg
00000717 c0ec                LGOTO    0x713; main.o:_02045_DS_=0x713
main.o:_02048_DS_:
00000718 ffef                RET
_enable_breathing_mode:
00000719 e0fc                BCR      STATUS, BK0
0000071a e7da                BSR      0x25, 0x0
0000071b e35a                BCR      0x25, 0x1
0000071c fd59                CLRR     0x26
0000071d ffef                RET
___cinit_load__:
___cinit_run__:
0000071e ffef                RET
